Component: ARM Compiler 5.06 update 7 (build 960) Tool: armlink [4d3601]

==============================================================================

Section Cross References

    startup_stm32f427xx.o(STACK) refers (Special) to heapauxi.o(.text) for __use_two_region_memory
    startup_stm32f427xx.o(HEAP) refers (Special) to heapauxi.o(.text) for __use_two_region_memory
    startup_stm32f427xx.o(RESET) refers (Special) to heapauxi.o(.text) for __use_two_region_memory
    startup_stm32f427xx.o(RESET) refers to startup_stm32f427xx.o(STACK) for __initial_sp
    startup_stm32f427xx.o(RESET) refers to startup_stm32f427xx.o(.text) for Reset_Handler
    startup_stm32f427xx.o(RESET) refers to stm32f4xx_it.o(i.NMI_Handler) for NMI_Handler
    startup_stm32f427xx.o(RESET) refers to stm32f4xx_it.o(i.HardFault_Handler) for HardFault_Handler
    startup_stm32f427xx.o(RESET) refers to stm32f4xx_it.o(i.MemManage_Handler) for MemManage_Handler
    startup_stm32f427xx.o(RESET) refers to stm32f4xx_it.o(i.BusFault_Handler) for BusFault_Handler
    startup_stm32f427xx.o(RESET) refers to stm32f4xx_it.o(i.UsageFault_Handler) for UsageFault_Handler
    startup_stm32f427xx.o(RESET) refers to port.o(.emb_text) for SVC_Handler
    startup_stm32f427xx.o(RESET) refers to stm32f4xx_it.o(i.DebugMon_Handler) for DebugMon_Handler
    startup_stm32f427xx.o(RESET) refers to port.o(i.SysTick_Handler) for SysTick_Handler
    startup_stm32f427xx.o(RESET) refers to stm32f4xx_it.o(i.CAN1_RX0_IRQHandler) for CAN1_RX0_IRQHandler
    startup_stm32f427xx.o(RESET) refers to stm32f4xx_it.o(i.USART1_IRQHandler) for USART1_IRQHandler
    startup_stm32f427xx.o(RESET) refers to stm32f4xx_it.o(i.TIM8_UP_TIM13_IRQHandler) for TIM8_UP_TIM13_IRQHandler
    startup_stm32f427xx.o(RESET) refers to stm32f4xx_it.o(i.DMA2_Stream2_IRQHandler) for DMA2_Stream2_IRQHandler
    startup_stm32f427xx.o(RESET) refers to stm32f4xx_it.o(i.CAN2_RX0_IRQHandler) for CAN2_RX0_IRQHandler
    startup_stm32f427xx.o(.text) refers (Special) to heapauxi.o(.text) for __use_two_region_memory
    startup_stm32f427xx.o(.text) refers to system_stm32f4xx.o(i.SystemInit) for SystemInit
    startup_stm32f427xx.o(.text) refers to __main.o(!!!main) for __main
    startup_stm32f427xx.o(.text) refers to startup_stm32f427xx.o(HEAP) for Heap_Mem
    startup_stm32f427xx.o(.text) refers to startup_stm32f427xx.o(STACK) for Stack_Mem
    main.o(i.HAL_TIM_PeriodElapsedCallback) refers to stm32f4xx_hal.o(i.HAL_IncTick) for HAL_IncTick
    main.o(i.SystemClock_Config) refers to rt_memclr_w.o(.text) for __aeabi_memclr4
    main.o(i.SystemClock_Config) refers to stm32f4xx_hal_rcc.o(i.HAL_RCC_OscConfig) for HAL_RCC_OscConfig
    main.o(i.SystemClock_Config) refers to stm32f4xx_hal_rcc.o(i.HAL_RCC_ClockConfig) for HAL_RCC_ClockConfig
    main.o(i.main) refers to stm32f4xx_hal.o(i.HAL_Init) for HAL_Init
    main.o(i.main) refers to main.o(i.SystemClock_Config) for SystemClock_Config
    main.o(i.main) refers to gpio.o(i.MX_GPIO_Init) for MX_GPIO_Init
    main.o(i.main) refers to dma.o(i.MX_DMA_Init) for MX_DMA_Init
    main.o(i.main) refers to can.o(i.MX_CAN1_Init) for MX_CAN1_Init
    main.o(i.main) refers to can.o(i.MX_CAN2_Init) for MX_CAN2_Init
    main.o(i.main) refers to usart.o(i.MX_USART1_UART_Init) for MX_USART1_UART_Init
    main.o(i.main) refers to tim.o(i.MX_TIM12_Init) for MX_TIM12_Init
    main.o(i.main) refers to can_bsp.o(i.can_filter_init) for can_filter_init
    main.o(i.main) refers to rc_bsp.o(i.remote_control_init) for remote_control_init
    main.o(i.main) refers to motor.o(i.PID_init) for PID_init
    main.o(i.main) refers to led_bsp.o(i.LED_ON) for LED_ON
    main.o(i.main) refers to buzzer_bsp.o(i.BeginWarnBuzzer) for BeginWarnBuzzer
    main.o(i.main) refers to task_user.o(i.startTast) for startTast
    main.o(i.main) refers to freertos.o(i.MX_FREERTOS_Init) for MX_FREERTOS_Init
    main.o(i.main) refers to cmsis_os.o(i.osKernelStart) for osKernelStart
    gpio.o(i.MX_GPIO_Init) refers to rt_memclr_w.o(.text) for __aeabi_memclr4
    gpio.o(i.MX_GPIO_Init) refers to stm32f4xx_hal_gpio.o(i.HAL_GPIO_WritePin) for HAL_GPIO_WritePin
    gpio.o(i.MX_GPIO_Init) refers to stm32f4xx_hal_gpio.o(i.HAL_GPIO_Init) for HAL_GPIO_Init
    freertos.o(i.MX_FREERTOS_Init) refers to rt_memcpy_w.o(.text) for __aeabi_memcpy4
    freertos.o(i.MX_FREERTOS_Init) refers to cmsis_os.o(i.osThreadCreate) for osThreadCreate
    freertos.o(i.MX_FREERTOS_Init) refers to freertos.o(.constdata) for .constdata
    freertos.o(i.MX_FREERTOS_Init) refers to freertos.o(.data) for .data
    freertos.o(i.StartDefaultTask) refers to cmsis_os.o(i.osDelay) for osDelay
    freertos.o(i.vApplicationGetIdleTaskMemory) refers to freertos.o(.bss) for .bss
    freertos.o(.constdata) refers to freertos.o(.conststring) for .conststring
    freertos.o(.constdata) refers to freertos.o(i.StartDefaultTask) for StartDefaultTask
    can.o(i.HAL_CAN_MspDeInit) refers to stm32f4xx_hal_gpio.o(i.HAL_GPIO_DeInit) for HAL_GPIO_DeInit
[...]
    _get_lc_time                              - Undefined Weak Reference
    _getenv_init                              - Undefined Weak Reference
    _handle_redirection                       - Undefined Weak Reference
    _init_alloc                               - Undefined Weak Reference
    _init_user_alloc                          - Undefined Weak Reference
    _initio                                   - Undefined Weak Reference
    _rand_init                                - Undefined Weak Reference
    _signal_finish                            - Undefined Weak Reference
    _signal_init                              - Undefined Weak Reference
    _terminate_alloc                          - Undefined Weak Reference
    _terminate_user_alloc                     - Undefined Weak Reference
    _terminateio                              - Undefined Weak Reference
    __Vectors_Size                           0x000001ac   Number         0  startup_stm32f427xx.o ABSOLUTE
    __Vectors                                0x08000000   Data           4  startup_stm32f427xx.o(RESET)
    __Vectors_End                            0x080001ac   Data           0  startup_stm32f427xx.o(RESET)
    __main                                   0x080001ad   Thumb Code     8  __main.o(!!!main)
    __scatterload                            0x080001b5   Thumb Code     0  __scatter.o(!!!scatter)
    __scatterload_rt2                        0x080001b5   Thumb Code    44  __scatter.o(!!!scatter)
    __scatterload_rt2_thumb_only             0x080001b5   Thumb Code     0  __scatter.o(!!!scatter)
    __scatterload_null                       0x080001c3   Thumb Code     0  __scatter.o(!!!scatter)
    __decompress                             0x080001e9   Thumb Code   100  __dclz77c.o(!!dclz77c)
    __decompress2                            0x080001e9   Thumb Code     0  __dclz77c.o(!!dclz77c)
    __scatterload_zeroinit                   0x0800024d   Thumb Code    28  __scatter_zi.o(!!handler_zi)
    __rt_lib_init                            0x08000269   Thumb Code     0  libinit.o(.ARM.Collect$$libinit$$00000000)
    __rt_lib_init_fp_1                       0x0800026b   Thumb Code     0  libinit2.o(.ARM.Collect$$libinit$$00000001)
    __rt_lib_init_alloca_1                   0x0800026f   Thumb Code     0  libinit2.o(.ARM.Collect$$libinit$$0000002E)
    __rt_lib_init_argv_1                     0x0800026f   Thumb Code     0  libinit2.o(.ARM.Collect$$libinit$$0000002C)
    __rt_lib_init_atexit_1                   0x0800026f   Thumb Code     0  libinit2.o(.ARM.Collect$$libinit$$0000001B)
    __rt_lib_init_clock_1                    0x0800026f   Thumb Code     0  libinit2.o(.ARM.Collect$$libinit$$00000021)
    __rt_lib_init_cpp_1                      0x0800026f   Thumb Code     0  libinit2.o(.ARM.Collect$$libinit$$00000032)
    __rt_lib_init_exceptions_1               0x0800026f   Thumb Code     0  libinit2.o(.ARM.Collect$$libinit$$00000030)
    __rt_lib_init_fp_trap_1                  0x0800026f   Thumb Code     0  libinit2.o(.ARM.Collect$$libinit$$0000001F)
    __rt_lib_init_getenv_1                   0x0800026f   Thumb Code     0  libinit2.o(.ARM.Collect$$libinit$$00000023)
    __rt_lib_init_heap_1                     0x0800026f   Thumb Code     0  libinit2.o(.ARM.Collect$$libinit$$0000000A)
    __rt_lib_init_lc_collate_1               0x0800026f   Thumb Code     0  libinit2.o(.ARM.Collect$$libinit$$00000011)
    __rt_lib_init_lc_ctype_1                 0x0800026f   Thumb Code     0  libinit2.o(.ARM.Collect$$libinit$$00000013)
    __rt_lib_init_lc_monetary_1              0x0800026f   Thumb Code     0  libinit2.o(.ARM.Collect$$libinit$$00000015)
    __rt_lib_init_lc_numeric_1               0x0800026f   Thumb Code     0  libinit2.o(.ARM.Collect$$libinit$$00000017)
    __rt_lib_init_lc_time_1                  0x0800026f   Thumb Code     0  libinit2.o(.ARM.Collect$$libinit$$00000019)
    __rt_lib_init_preinit_1                  0x0800026f   Thumb Code     0  libinit2.o(.ARM.Collect$$libinit$$00000004)
    __rt_lib_init_rand_1                     0x0800026f   Thumb Code     0  libinit2.o(.ARM.Collect$$libinit$$0000000E)
    __rt_lib_init_return                     0x0800026f   Thumb Code     0  libinit2.o(.ARM.Collect$$libinit$$00000033)
    __rt_lib_init_signal_1                   0x0800026f   Thumb Code     0  libinit2.o(.ARM.Collect$$libinit$$0000001D)
    __rt_lib_init_stdio_1                    0x0800026f   Thumb Code     0  libinit2.o(.ARM.Collect$$libinit$$00000025)
    __rt_lib_init_user_alloc_1               0x0800026f   Thumb Code     0  libinit2.o(.ARM.Collect$$libinit$$0000000C)
    __rt_lib_shutdown                        0x08000271   Thumb Code     0  libshutdown.o(.ARM.Collect$$libshutdown$$00000000)
    __rt_lib_shutdown_cpp_1                  0x08000273   Thumb Code     0  libshutdown2.o(.ARM.Collect$$libshutdown$$00000004)
    __rt_lib_shutdown_fini_1                 0x08000273   Thumb Code     0  libshutdown2.o(.ARM.Collect$$libshutdown$$00000002)
    __rt_lib_shutdown_fp_trap_1              0x08000273   Thumb Code     0  libshutdown2.o(.ARM.Collect$$libshutdown$$00000009)
    __rt_lib_shutdown_heap_1                 0x08000273   Thumb Code     0  libshutdown2.o(.ARM.Collect$$libshutdown$$00000011)
    __rt_lib_shutdown_return                 0x08000273   Thumb Code     0  libshutdown2.o(.ARM.Collect$$libshutdown$$00000012)
    __rt_lib_shutdown_signal_1               0x08000273   Thumb Code     0  libshutdown2.o(.ARM.Collect$$libshutdown$$0000000C)
    __rt_lib_shutdown_stdio_1                0x08000273   Thumb Code     0  libshutdown2.o(.ARM.Collect$$libshutdown$$00000006)
    __rt_lib_shutdown_user_alloc_1           0x08000273   Thumb Code     0  libshutdown2.o(.ARM.Collect$$libshutdown$$0000000E)
    __rt_entry                               0x08000275   Thumb Code     0  __rtentry.o(.ARM.Collect$$rtentry$$00000000)
    __rt_entry_presh_1                       0x08000275   Thumb Code     0  __rtentry2.o(.ARM.Collect$$rtentry$$00000002)
    __rt_entry_sh                            0x08000275   Thumb Code     0  __rtentry4.o(.ARM.Collect$$rtentry$$00000004)
    __rt_entry_li                            0x0800027b   Thumb Code     0  __rtentry2.o(.ARM.Collect$$rtentry$$0000000A)
    __rt_entry_postsh_1                      0x0800027b   Thumb Code     0  __rtentry2.o(.ARM.Collect$$rtentry$$00000009)
    __rt_entry_main                          0x0800027f   Thumb Code     0  __rtentry2.o(.ARM.Collect$$rtentry$$0000000D)
    __rt_entry_postli_1                      0x0800027f   Thumb Code     0  __rtentry2.o(.ARM.Collect$$rtentry$$0000000C)
    __rt_exit                                0x08000287   Thumb Code     0  rtexit.o(.ARM.Collect$$rtexit$$00000000)
    __rt_exit_ls                             0x08000289   Thumb Code     0  rtexit2.o(.ARM.Collect$$rtexit$$00000003)
    __rt_exit_prels_1                        0x08000289   Thumb Code     0  rtexit2.o(.ARM.Collect$$rtexit$$00000002)
    __rt_exit_exit                           0x0800028d   Thumb Code     0  rtexit2.o(.ARM.Collect$$rtexit$$00000004)
    SVC_Handler                              0x08000295   Thumb Code    28  port.o(.emb_text)
    __asm___6_port_c_39a90d8d__prvStartFirstTask 0x080002b5   Thumb Code    36  port.o(.emb_text)
    __asm___6_port_c_39a90d8d__prvEnableVFP  0x080002dd   Thumb Code    16  port.o(.emb_text)
    PendSV_Handler                           0x080002f1   Thumb Code    88  port.o(.emb_text)
    vPortGetIPSR                             0x0800034d   Thumb Code     6  port.o(.emb_text)
    Reset_Handler                            0x08000355   Thumb Code     8  startup_stm32f427xx.o(.text)
    ADC_IRQHandler                           0x0800036f   Thumb Code     0  startup_stm32f427xx.o(.text)
    CAN1_RX1_IRQHandler                      0x0800036f   Thumb Code     0  startup_stm32f427xx.o(.text)
    CAN1_SCE_IRQHandler                      0x0800036f   Thumb Code     0  startup_stm32f427xx.o(.text)
    CAN1_TX_IRQHandler                       0x0800036f   Thumb Code     0  startup_stm32f427xx.o(.text)
    CAN2_RX1_IRQHandler                      0x0800036f   Thumb Code     0  startup_stm32f427xx.o(.text)
    CAN2_SCE_IRQHandler                      0x0800036f   Thumb Code     0  startup_stm32f427xx.o(.text)
    CAN2_TX_IRQHandler                       0x0800036f   Thumb Code     0  startup_stm32f427xx.o(.text)
    DCMI_IRQHandler                          0x0800036f   Thumb Code     0  startup_stm32f427xx.o(.text)
    DMA1_Stream0_IRQHandler                  0x0800036f   Thumb Code     0  startup_stm32f427xx.o(.text)
    DMA1_Stream1_IRQHandler                  0x0800036f   Thumb Code     0  startup_stm32f427xx.o(.text)
    DMA1_Stream2_IRQHandler                  0x0800036f   Thumb Code     0  startup_stm32f427xx.o(.text)
    DMA1_Stream3_IRQHandler                  0x0800036f   Thumb Code     0  startup_stm32f427xx.o(.text)
    DMA1_Stream4_IRQHandler                  0x0800036f   Thumb Code     0  startup_stm32f427xx.o(.text)
    DMA1_Stream5_IRQHandler                  0x0800036f   Thumb Code     0  startup_stm32f427xx.o(.text)
    DMA1_Stream6_IRQHandler                  0x0800036f   Thumb Code     0  startup_stm32f427xx.o(.text)
    DMA1_Stream7_IRQHandler                  0x0800036f   Thumb Code     0  startup_stm32f427xx.o(.text)
    DMA2D_IRQHandler                         0x0800036f   Thumb Code     0  startup_stm32f427xx.o(.text)
    DMA2_Stream0_IRQHandler                  0x0800036f   Thumb Code     0  startup_stm32f427xx.o(.text)
    DMA2_Stream1_IRQHandler                  0x0800036f   Thumb Code     0  startup_stm32f427xx.o(.text)
    DMA2_Stream3_IRQHandler                  0x0800036f   Thumb Code     0  startup_stm32f427xx.o(.text)
    DMA2_Stream4_IRQHandler                  0x0800036f   Thumb Code     0  startup_stm32f427xx.o(.text)
    DMA2_Stream5_IRQHandler                  0x0800036f   Thumb Code     0  startup_stm32f427xx.o(.text)
    DMA2_Stream6_IRQHandler                  0x0800036f   Thumb Code     0  startup_stm32f427xx.o(.text)
    DMA2_Stream7_IRQHandler                  0x0800036f   Thumb Code     0  startup_stm32f427xx.o(.text)
    ETH_IRQHandler                           0x0800036f   Thumb Code     0  startup_stm32f427xx.o(.text)
    ETH_WKUP_IRQHandler                      0x0800036f   Thumb Code     0  startup_stm32f427xx.o(.text)
    EXTI0_IRQHandler                         0x0800036f   Thumb Code     0  startup_stm32f427xx.o(.text)
    EXTI15_10_IRQHandler                     0x0800036f   Thumb Code     0  startup_stm32f427xx.o(.text)
    EXTI1_IRQHandler                         0x0800036f   Thumb Code     0  startup_stm32f427xx.o(.text)
    EXTI2_IRQHandler                         0x0800036f   Thumb Code     0  startup_stm32f427xx.o(.text)
    EXTI3_IRQHandler                         0x0800036f   Thumb Code     0  startup_stm32f427xx.o(.text)
    EXTI4_IRQHandler                         0x0800036f   Thumb Code     0  startup_stm32f427xx.o(.text)
    EXTI9_5_IRQHandler                       0x0800036f   Thumb Code     0  startup_stm32f427xx.o(.text)
    FLASH_IRQHandler                         0x0800036f   Thumb Code     0  startup_stm32f427xx.o(.text)
    FMC_IRQHandler                           0x0800036f   Thumb Code     0  startup_stm32f427xx.o(.text)
    FPU_IRQHandler                           0x0800036f   Thumb Code     0  startup_stm32f427xx.o(.text)
    HASH_RNG_IRQHandler                      0x0800036f   Thumb Code     0  startup_stm32f427xx.o(.text)
    I2C1_ER_IRQHandler                       0x0800036f   Thumb Code     0  startup_stm32f427xx.o(.text)
    I2C1_EV_IRQHandler                       0x0800036f   Thumb Code     0  startup_stm32f427xx.o(.text)
    I2C2_ER_IRQHandler                       0x0800036f   Thumb Code     0  startup_stm32f427xx.o(.text)
    I2C2_EV_IRQHandler                       0x0800036f   Thumb Code     0  startup_stm32f427xx.o(.text)
    I2C3_ER_IRQHandler                       0x0800036f   Thumb Code     0  startup_stm32f427xx.o(.text)
    I2C3_EV_IRQHandler                       0x0800036f   Thumb Code     0  startup_stm32f427xx.o(.text)
    OTG_FS_IRQHandler                        0x0800036f   Thumb Code     0  startup_stm32f427xx.o(.text)
    OTG_FS_WKUP_IRQHandler                   0x0800036f   Thumb Code     0  startup_stm32f427xx.o(.text)
    OTG_HS_EP1_IN_IRQHandler                 0x0800036f   Thumb Code     0  startup_stm32f427xx.o(.text)
    OTG_HS_EP1_OUT_IRQHandler                0x0800036f   Thumb Code     0  startup_stm32f427xx.o(.text)
    OTG_HS_IRQHandler                        0x0800036f   Thumb Code     0  startup_stm32f427xx.o(.text)
    OTG_HS_WKUP_IRQHandler                   0x0800036f   Thumb Code     0  startup_stm32f427xx.o(.text)
    PVD_IRQHandler                           0x0800036f   Thumb Code     0  startup_stm32f427xx.o(.text)
    RCC_IRQHandler                           0x0800036f   Thumb Code     0  startup_stm32f427xx.o(.text)
    RTC_Alarm_IRQHandler                     0x0800036f   Thumb Code     0  startup_stm32f427xx.o(.text)
    RTC_WKUP_IRQHandler                      0x0800036f   Thumb Code     0  startup_stm32f427xx.o(.text)
    SAI1_IRQHandler                          0x0800036f   Thumb Code     0  startup_stm32f427xx.o(.text)
    SDIO_IRQHandler                          0x0800036f   Thumb Code     0  startup_stm32f427xx.o(.text)
    SPI1_IRQHandler                          0x0800036f   Thumb Code     0  startup_stm32f427xx.o(.text)
    SPI2_IRQHandler                          0x0800036f   Thumb Code     0  startup_stm32f427xx.o(.text)
    SPI3_IRQHandler                          0x0800036f   Thumb Code     0  startup_stm32f427xx.o(.text)
    SPI4_IRQHandler                          0x0800036f   Thumb Code     0  startup_stm32f427xx.o(.text)
    SPI5_IRQHandler                          0x0800036f   Thumb Code     0  startup_stm32f427xx.o(.text)
    SPI6_IRQHandler                          0x0800036f   Thumb Code     0  startup_stm32f427xx.o(.text)
    TAMP_STAMP_IRQHandler                    0x0800036f   Thumb Code     0  startup_stm32f427xx.o(.text)
    TIM1_BRK_TIM9_IRQHandler                 0x0800036f   Thumb Code     0  startup_stm32f427xx.o(.text)
    TIM1_CC_IRQHandler                       0x0800036f   Thumb Code     0  startup_stm32f427xx.o(.text)
    TIM1_TRG_COM_TIM11_IRQHandler            0x0800036f   Thumb Code     0  startup_stm32f427xx.o(.text)
    TIM1_UP_TIM10_IRQHandler                 0x0800036f   Thumb Code     0  startup_stm32f427xx.o(.text)
    TIM2_IRQHandler                          0x0800036f   Thumb Code     0  startup_stm32f427xx.o(.text)
    TIM3_IRQHandler                          0x0800036f   Thumb Code     0  startup_stm32f427xx.o(.text)
    TIM4_IRQHandler                          0x0800036f   Thumb Code     0  startup_stm32f427xx.o(.text)
    TIM5_IRQHandler                          0x0800036f   Thumb Code     0  startup_stm32f427xx.o(.text)
    TIM6_DAC_IRQHandler                      0x0800036f   Thumb Code     0  startup_stm32f427xx.o(.text)
    TIM7_IRQHandler                          0x0800036f   Thumb Code     0  startup_stm32f427xx.o(.text)
    TIM8_BRK_TIM12_IRQHandler                0x0800036f   Thumb Code     0  startup_stm32f427xx.o(.text)
    TIM8_CC_IRQHandler                       0x0800036f   Thumb Code     0  startup_stm32f427xx.o(.text)
    TIM8_TRG_COM_TIM14_IRQHandler            0x0800036f   Thumb Code     0  startup_stm32f427xx.o(.text)
    UART4_IRQHandler                         0x0800036f   Thumb Code     0  startup_stm32f427xx.o(.text)
    UART5_IRQHandler                         0x0800036f   Thumb Code     0  startup_stm32f427xx.o(.text)
    UART7_IRQHandler                         0x0800036f   Thumb Code     0  startup_stm32f427xx.o(.text)
    UART8_IRQHandler                         0x0800036f   Thumb Code     0  startup_stm32f427xx.o(.text)
    USART2_IRQHandler                        0x0800036f   Thumb Code     0  startup_stm32f427xx.o(.text)
    USART3_IRQHandler                        0x0800036f   Thumb Code     0  startup_stm32f427xx.o(.text)
    USART6_IRQHandler                        0x0800036f   Thumb Code     0  startup_stm32f427xx.o(.text)
    WWDG_IRQHandler                          0x0800036f   Thumb Code     0  startup_stm32f427xx.o(.text)
    __user_initial_stackheap                 0x08000371   Thumb Code     0  startup_stm32f427xx.o(.text)
    __aeabi_uldivmod                         0x08000395   Thumb Code     0  lludivv7m.o(.text)
    _ll_udiv                                 0x08000395   Thumb Code   238  lludivv7m.o(.text)
    __aeabi_memcpy4                          0x08000483   Thumb Code     0  rt_memcpy_w.o(.text)
    __aeabi_memcpy8                          0x08000483   Thumb Code     0  rt_memcpy_w.o(.text)
    __rt_memcpy_w                            0x08000483   Thumb Code   100  rt_memcpy_w.o(.text)
    _memcpy_lastbytes_aligned                0x080004cb   Thumb Code     0  rt_memcpy_w.o(.text)
    __aeabi_memclr4                          0x080004e7   Thumb Code     0  rt_memclr_w.o(.text)
    __aeabi_memclr8                          0x080004e7   Thumb Code     0  rt_memclr_w.o(.text)
    __rt_memclr_w                            0x080004e7   Thumb Code    78  rt_memclr_w.o(.text)
    _memset_w                                0x080004eb   Thumb Code     0  rt_memclr_w.o(.text)
    __use_two_region_memory                  0x08000535   Thumb Code     2  heapauxi.o(.text)
    __rt_heap_escrow$2region                 0x08000537   Thumb Code     2  heapauxi.o(.text)
    __rt_heap_expand$2region                 0x08000539   Thumb Code     2  heapauxi.o(.text)
    __read_errno                             0x0800053b   Thumb Code    10  _rserrno.o(.text)
    __set_errno                              0x08000545   Thumb Code    12  _rserrno.o(.text)
    __aeabi_errno_addr                       0x08000551   Thumb Code     8  rt_errno_addr_intlibspace.o(.text)
    __errno$intlibspace                      0x08000551   Thumb Code     0  rt_errno_addr_intlibspace.o(.text)
    __rt_errno_addr$intlibspace              0x08000551   Thumb Code     0  rt_errno_addr_intlibspace.o(.text)
    __user_libspace                          0x08000559   Thumb Code     8  libspace.o(.text)
    __user_perproc_libspace                  0x08000559   Thumb Code     0  libspace.o(.text)
    __user_perthread_libspace                0x08000559   Thumb Code     0  libspace.o(.text)
    __user_setup_stackheap                   0x08000561   Thumb Code    74  sys_stackheap_outer.o(.text)
    exit                                     0x080005ab   Thumb Code    18  exit.o(.text)
    _sys_exit                                0x080005bd   Thumb Code     8  sys_exit.o(.text)
    __I$use$semihosting                      0x080005c9   Thumb Code     0  use_no_semi.o(.text)
    __use_no_semihosting_swi                 0x080005c9   Thumb Code     2  use_no_semi.o(.text)
    __semihosting_library_function           0x080005cb   Thumb Code     0  indicate_semi.o(.text)
    BeginWarnBuzzer                          0x080005cd   Thumb Code    70  buzzer_bsp.o(i.BeginWarnBuzzer)
    BusFault_Handler                         0x0800061d   Thumb Code     2  stm32f4xx_it.o(i.BusFault_Handler)
    CAN1_RX0_IRQHandler                      0x08000621   Thumb Code     6  stm32f4xx_it.o(i.CAN1_RX0_IRQHandler)
    CAN1_Send2                               0x0800062d   Thumb Code    60  can_bsp.o(i.CAN1_Send2)
    CAN2_RX0_IRQHandler                      0x08000675   Thumb Code     6  stm32f4xx_it.o(i.CAN2_RX0_IRQHandler)
    CAN2_Send1                               0x08000681   Thumb Code    60  can_bsp.o(i.CAN2_Send1)
    CAN_Send_PID                             0x080006c9   Thumb Code   368  motor.o(i.CAN_Send_PID)
    Cartesian_To_Theta                       0x08000859   Thumb Code   448  posture_ctrl.o(i.Cartesian_To_Theta)
    Change_The_Gains_Of_PD                   0x08000a51   Thumb Code    98  posture_ctrl.o(i.Change_The_Gains_Of_PD)
    CommandAllLegs                           0x08000ac1   Thumb Code    34  posture_ctrl.o(i.CommandAllLegs)
    CommandAllLegs_later                     0x08000ae3   Thumb Code    22  posture_ctrl.o(i.CommandAllLegs_later)
    CommandAllLegs_pre                       0x08000af9   Thumb Code    22  posture_ctrl.o(i.CommandAllLegs_pre)
    Coupled_MoveLeg                          0x08000b0f   Thumb Code    56  posture_ctrl.o(i.Coupled_MoveLeg)
    DMA2_Stream2_IRQHandler                  0x08000b49   Thumb Code     6  stm32f4xx_it.o(i.DMA2_Stream2_IRQHandler)
    DebugMon_Handler                         0x08000bd1   Thumb Code     2  stm32f4xx_it.o(i.DebugMon_Handler)
    Error_Handler                            0x08000bd3   Thumb Code     4  main.o(i.Error_Handler)
    ExecuteJump1                             0x08000bd9   Thumb Code   314  jump.o(i.ExecuteJump1)
    ExecuteJump2                             0x08000d69   Thumb Code   486  jump.o(i.ExecuteJump2)
    HAL_CAN_ActivateNotification             0x08000fad   Thumb Code    36  stm32f4xx_hal_can.o(i.HAL_CAN_ActivateNotification)
    HAL_CAN_AddTxMessage                     0x08000fd1   Thumb Code   220  stm32f4xx_hal_can.o(i.HAL_CAN_AddTxMessage)
    HAL_CAN_ConfigFilter                     0x080010ad   Thumb Code   262  stm32f4xx_hal_can.o(i.HAL_CAN_ConfigFilter)
    HAL_CAN_ErrorCallback                    0x080011b9   Thumb Code     2  stm32f4xx_hal_can.o(i.HAL_CAN_ErrorCallback)
    HAL_CAN_GetRxMessage                     0x080011bb   Thumb Code   232  stm32f4xx_hal_can.o(i.HAL_CAN_GetRxMessage)
    HAL_CAN_IRQHandler                       0x080012a3   Thumb Code   508  stm32f4xx_hal_can.o(i.HAL_CAN_IRQHandler)
    HAL_CAN_Init                             0x0800149f   Thumb Code   282  stm32f4xx_hal_can.o(i.HAL_CAN_Init)
    HAL_CAN_MspInit                          0x080015b9   Thumb Code   228  can.o(i.HAL_CAN_MspInit)
    HAL_CAN_RxFifo0FullCallback              0x080016b5   Thumb Code     2  stm32f4xx_hal_can.o(i.HAL_CAN_RxFifo0FullCallback)
    HAL_CAN_RxFifo0MsgPendingCallback        0x080016b9   Thumb Code   194  can_bsp.o(i.HAL_CAN_RxFifo0MsgPendingCallback)
    HAL_CAN_RxFifo1FullCallback              0x0800179d   Thumb Code     2  stm32f4xx_hal_can.o(i.HAL_CAN_RxFifo1FullCallback)
    HAL_CAN_RxFifo1MsgPendingCallback        0x0800179f   Thumb Code     2  stm32f4xx_hal_can.o(i.HAL_CAN_RxFifo1MsgPendingCallback)
    HAL_CAN_SleepCallback                    0x080017a1   Thumb Code     2  stm32f4xx_hal_can.o(i.HAL_CAN_SleepCallback)
    HAL_CAN_Start                            0x080017a5   Thumb Code    88  stm32f4xx_hal_can.o(i.HAL_CAN_Start)
    HAL_CAN_TxMailbox0AbortCallback          0x080017fd   Thumb Code     2  stm32f4xx_hal_can.o(i.HAL_CAN_TxMailbox0AbortCallback)
    HAL_CAN_TxMailbox0CompleteCallback       0x080017ff   Thumb Code     2  stm32f4xx_hal_can.o(i.HAL_CAN_TxMailbox0CompleteCallback)
    HAL_CAN_TxMailbox1AbortCallback          0x08001801   Thumb Code     2  stm32f4xx_hal_can.o(i.HAL_CAN_TxMailbox1AbortCallback)
    HAL_CAN_TxMailbox1CompleteCallback       0x08001803   Thumb Code     2  stm32f4xx_hal_can.o(i.HAL_CAN_TxMailbox1CompleteCallback)
    HAL_CAN_TxMailbox2AbortCallback          0x08001805   Thumb Code     2  stm32f4xx_hal_can.o(i.HAL_CAN_TxMailbox2AbortCallback)
    HAL_CAN_TxMailbox2CompleteCallback       0x08001807   Thumb Code     2  stm32f4xx_hal_can.o(i.HAL_CAN_TxMailbox2CompleteCallback)
    HAL_CAN_WakeUpFromRxMsgCallback          0x08001809   Thumb Code     2  stm32f4xx_hal_can.o(i.HAL_CAN_WakeUpFromRxMsgCallback)
    HAL_DMA_Abort                            0x0800180b   Thumb Code   146  stm32f4xx_hal_dma.o(i.HAL_DMA_Abort)
    HAL_DMA_Abort_IT                         0x0800189d   Thumb Code    36  stm32f4xx_hal_dma.o(i.HAL_DMA_Abort_IT)
    HAL_DMA_IRQHandler                       0x080018c1   Thumb Code   412  stm32f4xx_hal_dma.o(i.HAL_DMA_IRQHandler)
    HAL_DMA_Init                             0x08001a61   Thumb Code   206  stm32f4xx_hal_dma.o(i.HAL_DMA_Init)
    HAL_Delay                                0x08001b35   Thumb Code    32  stm32f4xx_hal.o(i.HAL_Delay)
    HAL_GPIO_Init                            0x08001b59   Thumb Code   510  stm32f4xx_hal_gpio.o(i.HAL_GPIO_Init)
    HAL_GPIO_WritePin                        0x08001d8d   Thumb Code    10  stm32f4xx_hal_gpio.o(i.HAL_GPIO_WritePin)
    HAL_GetTick                              0x08001d99   Thumb Code     6  stm32f4xx_hal.o(i.HAL_GetTick)
    HAL_IncTick                              0x08001da5   Thumb Code    12  stm32f4xx_hal.o(i.HAL_IncTick)
    HAL_Init                                 0x08001db5   Thumb Code    48  stm32f4xx_hal.o(i.HAL_Init)
    HAL_InitTick                             0x08001de9   Thumb Code   132  stm32f4xx_hal_timebase_tim.o(i.HAL_InitTick)
    HAL_MspInit                              0x08001e81   Thumb Code    52  stm32f4xx_hal_msp.o(i.HAL_MspInit)
    HAL_NVIC_EnableIRQ                       0x08001eb9   Thumb Code    26  stm32f4xx_hal_cortex.o(i.HAL_NVIC_EnableIRQ)
    HAL_NVIC_SetPriority                     0x08001ed5   Thumb Code    60  stm32f4xx_hal_cortex.o(i.HAL_NVIC_SetPriority)
    HAL_NVIC_SetPriorityGrouping             0x08001f15   Thumb Code    26  stm32f4xx_hal_cortex.o(i.HAL_NVIC_SetPriorityGrouping)
    HAL_RCC_ClockConfig                      0x08001f39   Thumb Code   288  stm32f4xx_hal_rcc.o(i.HAL_RCC_ClockConfig)
    HAL_RCC_GetClockConfig                   0x0800206d   Thumb Code    54  stm32f4xx_hal_rcc.o(i.HAL_RCC_GetClockConfig)
    HAL_RCC_GetPCLK1Freq                     0x080020ad   Thumb Code    20  stm32f4xx_hal_rcc.o(i.HAL_RCC_GetPCLK1Freq)
    HAL_RCC_GetPCLK2Freq                     0x080020cd   Thumb Code    20  stm32f4xx_hal_rcc.o(i.HAL_RCC_GetPCLK2Freq)
    HAL_RCC_GetSysClockFreq                  0x080020ed   Thumb Code    88  stm32f4xx_hal_rcc.o(i.HAL_RCC_GetSysClockFreq)
    HAL_RCC_OscConfig                        0x08002151   Thumb Code   856  stm32f4xx_hal_rcc.o(i.HAL_RCC_OscConfig)
    HAL_TIMEx_BreakCallback                  0x080024bd   Thumb Code     2  stm32f4xx_hal_tim_ex.o(i.HAL_TIMEx_BreakCallback)
    HAL_TIMEx_CommutCallback                 0x080024bf   Thumb Code     2  stm32f4xx_hal_tim_ex.o(i.HAL_TIMEx_CommutCallback)
    HAL_TIM_Base_Init                        0x080024c1   Thumb Code    90  stm32f4xx_hal_tim.o(i.HAL_TIM_Base_Init)
    HAL_TIM_Base_MspInit                     0x0800251d   Thumb Code    30  tim.o(i.HAL_TIM_Base_MspInit)
    HAL_TIM_Base_Start_IT                    0x08002545   Thumb Code   100  stm32f4xx_hal_tim.o(i.HAL_TIM_Base_Start_IT)
    HAL_TIM_ConfigClockSource                0x080025c5   Thumb Code   220  stm32f4xx_hal_tim.o(i.HAL_TIM_ConfigClockSource)
    HAL_TIM_IC_CaptureCallback               0x080026a1   Thumb Code     2  stm32f4xx_hal_tim.o(i.HAL_TIM_IC_CaptureCallback)
    HAL_TIM_IRQHandler                       0x080026a3   Thumb Code   358  stm32f4xx_hal_tim.o(i.HAL_TIM_IRQHandler)
    HAL_TIM_MspPostInit                      0x08002809   Thumb Code    70  tim.o(i.HAL_TIM_MspPostInit)
    HAL_TIM_OC_DelayElapsedCallback          0x0800285d   Thumb Code     2  stm32f4xx_hal_tim.o(i.HAL_TIM_OC_DelayElapsedCallback)
    HAL_TIM_PWM_ConfigChannel                0x0800285f   Thumb Code   204  stm32f4xx_hal_tim.o(i.HAL_TIM_PWM_ConfigChannel)
    HAL_TIM_PWM_Init                         0x0800292b   Thumb Code    90  stm32f4xx_hal_tim.o(i.HAL_TIM_PWM_Init)
    HAL_TIM_PWM_MspInit                      0x08002985   Thumb Code     2  stm32f4xx_hal_tim.o(i.HAL_TIM_PWM_MspInit)
    HAL_TIM_PWM_PulseFinishedCallback        0x08002987   Thumb Code     2  stm32f4xx_hal_tim.o(i.HAL_TIM_PWM_PulseFinishedCallback)
    HAL_TIM_PWM_Start                        0x08002989   Thumb Code   172  stm32f4xx_hal_tim.o(i.HAL_TIM_PWM_Start)
    HAL_TIM_PeriodElapsedCallback            0x08002a51   Thumb Code    14  main.o(i.HAL_TIM_PeriodElapsedCallback)
    HAL_TIM_TriggerCallback                  0x08002a65   Thumb Code     2  stm32f4xx_hal_tim.o(i.HAL_TIM_TriggerCallback)
    HAL_UARTEx_RxEventCallback               0x08002a67   Thumb Code     2  stm32f4xx_hal_uart.o(i.HAL_UARTEx_RxEventCallback)
    HAL_UART_ErrorCallback                   0x08002a69   Thumb Code     2  stm32f4xx_hal_uart.o(i.HAL_UART_ErrorCallback)
    HAL_UART_IRQHandler                      0x08002a6d   Thumb Code   610  stm32f4xx_hal_uart.o(i.HAL_UART_IRQHandler)
    HAL_UART_Init                            0x08002cd5   Thumb Code    98  stm32f4xx_hal_uart.o(i.HAL_UART_Init)
    HAL_UART_MspInit                         0x08002d39   Thumb Code   160  usart.o(i.HAL_UART_MspInit)
    HAL_UART_RxCpltCallback                  0x08002ded   Thumb Code     2  stm32f4xx_hal_uart.o(i.HAL_UART_RxCpltCallback)
    HAL_UART_TxCpltCallback                  0x08002def   Thumb Code     2  stm32f4xx_hal_uart.o(i.HAL_UART_TxCpltCallback)
    HardFault_Handler                        0x08002df1   Thumb Code     2  stm32f4xx_it.o(i.HardFault_Handler)
    LED_ON                                   0x08002df5   Thumb Code    42  led_bsp.o(i.LED_ON)
    MOTOR_TASK                               0x08002e2d   Thumb Code    12  task_user.o(i.MOTOR_TASK)
    MX_CAN1_Init                             0x08002e39   Thumb Code    60  can.o(i.MX_CAN1_Init)
    MX_CAN2_Init                             0x08002e7d   Thumb Code    60  can.o(i.MX_CAN2_Init)
    MX_DMA_Init                              0x08002ec1   Thumb Code    40  dma.o(i.MX_DMA_Init)
    MX_FREERTOS_Init                         0x08002eed   Thumb Code    30  freertos.o(i.MX_FREERTOS_Init)
    MX_GPIO_Init                             0x08002f15   Thumb Code   236  gpio.o(i.MX_GPIO_Init)
    MX_TIM12_Init                            0x08003011   Thumb Code   120  tim.o(i.MX_TIM12_Init)
    MX_USART1_UART_Init                      0x08003091   Thumb Code    46  usart.o(i.MX_USART1_UART_Init)
    MemManage_Handler                        0x080030cd   Thumb Code     2  stm32f4xx_it.o(i.MemManage_Handler)
    NMI_Handler                              0x080030cf   Thumb Code     2  stm32f4xx_it.o(i.NMI_Handler)
    PID_init                                 0x080030d1   Thumb Code   152  motor.o(i.PID_init)
    POSTURE_TASK                             0x08003179   Thumb Code    12  task_user.o(i.POSTURE_TASK)
    Posture_Control                          0x08003185   Thumb Code   664  posture_ctrl.o(i.Posture_Control)
    RC_init                                  0x08003435   Thumb Code    84  rc_bsp.o(i.RC_init)
    Set_Position                             0x08003495   Thumb Code   258  posture_ctrl.o(i.Set_Position)
    Sin_Trajectory                           0x080035b1   Thumb Code   316  posture_ctrl.o(i.Sin_Trajectory)
    StartDefaultTask                         0x080036fd   Thumb Code     8  freertos.o(i.StartDefaultTask)
    StartJump1                               0x08003705   Thumb Code    14  jump.o(i.StartJump1)
    StartJump2                               0x0800371d   Thumb Code    14  jump.o(i.StartJump2)
    SysTick_Handler                          0x08003735   Thumb Code    38  port.o(i.SysTick_Handler)
    SystemClock_Config                       0x08003761   Thumb Code   140  main.o(i.SystemClock_Config)
    SystemInit                               0x080037f5   Thumb Code    12  system_stm32f4xx.o(i.SystemInit)
    TIM8_UP_TIM13_IRQHandler                 0x08003805   Thumb Code     6  stm32f4xx_it.o(i.TIM8_UP_TIM13_IRQHandler)
    TIM_Base_SetConfig                       0x08003811   Thumb Code   156  stm32f4xx_hal_tim.o(i.TIM_Base_SetConfig)
    TIM_CCxChannelCmd                        0x080038d9   Thumb Code    26  stm32f4xx_hal_tim.o(i.TIM_CCxChannelCmd)
    TIM_ETR_SetConfig                        0x080038f3   Thumb Code    20  stm32f4xx_hal_tim.o(i.TIM_ETR_SetConfig)
    TIM_OC2_SetConfig                        0x08003979   Thumb Code    98  stm32f4xx_hal_tim.o(i.TIM_OC2_SetConfig)
    USART1_IRQHandler                        0x08003d0d   Thumb Code   222  stm32f4xx_it.o(i.USART1_IRQHandler)
    UsageFault_Handler                       0x08003e11   Thumb Code     2  stm32f4xx_it.o(i.UsageFault_Handler)
    __ARM_fpclassify                         0x08003e13   Thumb Code    48  fpclassify.o(i.__ARM_fpclassify)
    __hardfp_acos                            0x08003e69   Thumb Code   738  acos.o(i.__hardfp_acos)
    __hardfp_asin                            0x080041c1   Thumb Code   770  asin.o(i.__hardfp_asin)
    __hardfp_cos                             0x08004521   Thumb Code   180  cos.o(i.__hardfp_cos)
    __hardfp_fmod                            0x080045e9   Thumb Code   254  fmod.o(i.__hardfp_fmod)
    __hardfp_pow                             0x080046f1   Thumb Code  3072  pow.o(i.__hardfp_pow)
    __hardfp_sin                             0x08005341   Thumb Code   180  sin.o(i.__hardfp_sin)
    __hardfp_sqrt                            0x08005409   Thumb Code   122  sqrt.o(i.__hardfp_sqrt)
    __ieee754_rem_pio2                       0x08005489   Thumb Code   938  rred.o(i.__ieee754_rem_pio2)
    __kernel_cos                             0x080058c1   Thumb Code   322  cos_i.o(i.__kernel_cos)
    __kernel_poly                            0x08005a31   Thumb Code   248  poly.o(i.__kernel_poly)
    __kernel_sin                             0x08005b29   Thumb Code   280  sin_i.o(i.__kernel_sin)
    __mathlib_dbl_divzero                    0x08005c59   Thumb Code    28  dunder.o(i.__mathlib_dbl_divzero)
    __mathlib_dbl_infnan                     0x08005c89   Thumb Code    20  dunder.o(i.__mathlib_dbl_infnan)
    __mathlib_dbl_infnan2                    0x08005c9d   Thumb Code    20  dunder.o(i.__mathlib_dbl_infnan2)
    __mathlib_dbl_invalid                    0x08005cb1   Thumb Code    24  dunder.o(i.__mathlib_dbl_invalid)
    __mathlib_dbl_overflow                   0x08005cd1   Thumb Code    24  dunder.o(i.__mathlib_dbl_overflow)
    __mathlib_dbl_underflow                  0x08005cf1   Thumb Code    24  dunder.o(i.__mathlib_dbl_underflow)
    buzzer_on                                0x08005d11   Thumb Code    54  buzzer_bsp.o(i.buzzer_on)
    can_filter_init                          0x08005d59   Thumb Code    80  can_bsp.o(i.can_filter_init)
    control_1                                0x08005db1   Thumb Code   228  rc_bsp.o(i.control_1)
    control_2                                0x08005ea1   Thumb Code    92  rc_bsp.o(i.control_2)
    fabs                                     0x08005f05   Thumb Code    24  fabs.o(i.fabs)
    gait_detached                            0x08005f1d   Thumb Code   236  posture_ctrl.o(i.gait_detached)
    main                                     0x08006011   Thumb Code    66  main.o(i.main)
    osDelay                                  0x0800605f   Thumb Code    14  cmsis_os.o(i.osDelay)
    osKernelStart                            0x0800606d   Thumb Code    10  cmsis_os.o(i.osKernelStart)
    osThreadCreate                           0x08006077   Thumb Code    84  cmsis_os.o(i.osThreadCreate)
    pid_init                                 0x08006199   Thumb Code    14  pid_bsp.o(i.pid_init)
    pid_reset                                0x080061f1   Thumb Code     8  pid_bsp.o(i.pid_reset)
    pvPortMalloc                             0x08006545   Thumb Code   216  heap_4.o(i.pvPortMalloc)
    pxPortInitialiseStack                    0x08006621   Thumb Code    40  port.o(i.pxPortInitialiseStack)
    remote_control_init                      0x0800664d   Thumb Code    12  rc_bsp.o(i.remote_control_init)
    sbus_to_rc                               0x0800665d   Thumb Code   178  rc_bsp.o(i.sbus_to_rc)
    sqrt                                     0x0800670f   Thumb Code   110  sqrt.o(i.sqrt)
    startTast                                0x0800677d   Thumb Code    24  task_user.o(i.startTast)
    start_task                               0x080067a9   Thumb Code    68  task_user.o(i.start_task)
    uxListRemove                             0x08006815   Thumb Code    38  list.o(i.uxListRemove)
    vApplicationGetIdleTaskMemory            0x0800683d   Thumb Code    16  freertos.o(i.vApplicationGetIdleTaskMemory)
    vListInitialise                          0x08006851   Thumb Code    22  list.o(i.vListInitialise)
    vListInitialiseItem                      0x08006867   Thumb Code     6  list.o(i.vListInitialiseItem)
    vListInsert                              0x0800686d   Thumb Code    48  list.o(i.vListInsert)
    vListInsertEnd                           0x0800689d   Thumb Code    24  list.o(i.vListInsertEnd)
    vPortEnterCritical                       0x080068b5   Thumb Code    54  port.o(i.vPortEnterCritical)
    vPortExitCritical                        0x080068f5   Thumb Code    34  port.o(i.vPortExitCritical)
    vPortFree                                0x0800691d   Thumb Code    94  heap_4.o(i.vPortFree)
    vPortSetupTimerInterrupt                 0x08006981   Thumb Code    32  port.o(i.vPortSetupTimerInterrupt)
    vTaskDelay                               0x080069a5   Thumb Code    66  tasks.o(i.vTaskDelay)
    vTaskDelete                              0x080069f1   Thumb Code   158  tasks.o(i.vTaskDelete)
    vTaskStartScheduler                      0x08006a9d   Thumb Code    90  tasks.o(i.vTaskStartScheduler)
    vTaskSuspendAll                          0x08006b09   Thumb Code    10  tasks.o(i.vTaskSuspendAll)
    vTaskSwitchContext                       0x08006b19   Thumb Code    82  tasks.o(i.vTaskSwitchContext)
    xPortStartScheduler                      0x08006b75   Thumb Code   222  port.o(i.xPortStartScheduler)
    xTaskCreate                              0x08006c69   Thumb Code    90  tasks.o(i.xTaskCreate)
    xTaskCreateStatic                        0x08006cc3   Thumb Code    86  tasks.o(i.xTaskCreateStatic)
    xTaskIncrementTick                       0x08006d19   Thumb Code   194  tasks.o(i.xTaskIncrementTick)
    xTaskResumeAll                           0x08006de5   Thumb Code   182  tasks.o(i.xTaskResumeAll)
    __aeabi_dneg                             0x08006ea9   Thumb Code     0  basic.o(x$fpl$basic)
    _dneg                                    0x08006ea9   Thumb Code     6  basic.o(x$fpl$basic)
    __aeabi_fneg                             0x08006eaf   Thumb Code     0  basic.o(x$fpl$basic)
    _fneg                                    0x08006eaf   Thumb Code     6  basic.o(x$fpl$basic)
    _dabs                                    0x08006eb5   Thumb Code     6  basic.o(x$fpl$basic)
    _fabs                                    0x08006ebb   Thumb Code     6  basic.o(x$fpl$basic)
    __aeabi_d2f                              0x08006ec1   Thumb Code     0  d2f.o(x$fpl$d2f)
    _d2f                                     0x08006ec1   Thumb Code    98  d2f.o(x$fpl$d2f)
    __aeabi_dadd                             0x08006f25   Thumb Code     0  daddsub_clz.o(x$fpl$dadd)
    _dadd                                    0x08006f25   Thumb Code   332  daddsub_clz.o(x$fpl$dadd)
    __fpl_dcheck_NaN1                        0x08007075   Thumb Code    10  dcheck1.o(x$fpl$dcheck1)
    __fpl_dcmp_Inf                           0x08007085   Thumb Code    24  dcmpi.o(x$fpl$dcmpinf)
    __aeabi_ddiv                             0x0800709d   Thumb Code     0  ddiv.o(x$fpl$ddiv)
    _ddiv                                    0x0800709d   Thumb Code   552  ddiv.o(x$fpl$ddiv)
    __aeabi_d2iz                             0x0800734d   Thumb Code     0  dfix.o(x$fpl$dfix)
    _dfix                                    0x0800734d   Thumb Code    94  dfix.o(x$fpl$dfix)
    __aeabi_d2uiz                            0x080073ad   Thumb Code     0  dfixu.o(x$fpl$dfixu)
    _dfixu                                   0x080073ad   Thumb Code    90  dfixu.o(x$fpl$dfixu)
    __aeabi_i2d                              0x08007407   Thumb Code     0  dflt_clz.o(x$fpl$dflt)
    _dflt                                    0x08007407   Thumb Code    46  dflt_clz.o(x$fpl$dflt)
    __aeabi_ui2d                             0x08007435   Thumb Code     0  dflt_clz.o(x$fpl$dfltu)
    _dfltu                                   0x08007435   Thumb Code    38  dflt_clz.o(x$fpl$dfltu)
    __aeabi_cdcmple                          0x0800745d   Thumb Code     0  dleqf.o(x$fpl$dleqf)
    _dcmple                                  0x0800745d   Thumb Code   120  dleqf.o(x$fpl$dleqf)
    __fpl_dcmple_InfNaN                      0x080074bf   Thumb Code     0  dleqf.o(x$fpl$dleqf)
    __aeabi_dmul                             0x080074d5   Thumb Code     0  dmul.o(x$fpl$dmul)
    _dmul                                    0x080074d5   Thumb Code   332  dmul.o(x$fpl$dmul)
    __fpl_dnaninf                            0x08007629   Thumb Code   156  dnaninf.o(x$fpl$dnaninf)
    _drem                                    0x080076c5   Thumb Code   328  drem_clz.o(x$fpl$drem)
    __fpl_dretinf                            0x08007815   Thumb Code    12  dretinf.o(x$fpl$dretinf)
    __aeabi_cdrcmple                         0x08007821   Thumb Code     0  drleqf.o(x$fpl$drleqf)
    _drcmple                                 0x08007821   Thumb Code   108  drleqf.o(x$fpl$drleqf)
    __aeabi_drsub                            0x0800788d   Thumb Code     0  daddsub_clz.o(x$fpl$drsb)
    _drsb                                    0x0800788d   Thumb Code    22  daddsub_clz.o(x$fpl$drsb)
    _dsqrt                                   0x080078a5   Thumb Code   404  dsqrt_umaal.o(x$fpl$dsqrt)
    __aeabi_dsub                             0x08007a3d   Thumb Code     0  daddsub_clz.o(x$fpl$dsub)
    _dsub                                    0x08007a3d   Thumb Code   464  daddsub_clz.o(x$fpl$dsub)
    __aeabi_f2d                              0x08007c11   Thumb Code     0  f2d.o(x$fpl$f2d)
    _f2d                                     0x08007c11   Thumb Code    86  f2d.o(x$fpl$f2d)
    __fpl_fnaninf                            0x08007c67   Thumb Code   140  fnaninf.o(x$fpl$fnaninf)
    _fp_init                                 0x08007cf3   Thumb Code    10  fpinit.o(x$fpl$fpinit)
    __fplib_config_fpu_vfp                   0x08007cfb   Thumb Code     0  fpinit.o(x$fpl$fpinit)
    __fplib_config_pureend_doubles           0x08007cfb   Thumb Code     0  fpinit.o(x$fpl$fpinit)
    __fpl_fretinf                            0x08007cfd   Thumb Code    10  fretinf.o(x$fpl$fretinf)
    __fpl_return_NaN                         0x08007d07   Thumb Code   100  retnan.o(x$fpl$retnan)
    __ARM_scalbn                             0x08007d6b   Thumb Code    92  scalbn.o(x$fpl$scalbn)
    __fpl_cmpreturn                          0x08007dc7   Thumb Code    48  trapv.o(x$fpl$trapveneer)
    __I$use$fp                               0x08007df6   Number         0  usenofp.o(x$fpl$usenofp)
    AHBPrescTable                            0x08007e1c   Data          16  system_stm32f4xx.o(.constdata)
    APBPrescTable                            0x08007e2c   Data           8  system_stm32f4xx.o(.constdata)
    __mathlib_zero                           0x080082a0   Data           8  qnan.o(.constdata)
    Region$$Table$$Base                      0x080083a4   Number         0  anon$$obj.o(Region$$Table)
    Region$$Table$$Limit                     0x080083c4   Number         0  anon$$obj.o(Region$$Table)
    defaultTaskHandle                        0x20000000   Data           4  freertos.o(.data)
    uwTickFreq                               0x2000000c   Data           1  stm32f4xx_hal.o(.data)
    uwTickPrio                               0x20000010   Data           4  stm32f4xx_hal.o(.data)
    uwTick                                   0x20000014   Data           4  stm32f4xx_hal.o(.data)
    SystemCoreClock                          0x20000018   Data           4  system_stm32f4xx.o(.data)
    pxCurrentTCB                             0x2000001c   Data           4  tasks.o(.data)
    start_time_                              0x20000084   Data           4  jump.o(.data)
    jump_extension                           0x20000088   Data           4  jump.o(.data)
    k                                        0x20000090   Data           4  can_bsp.o(.data)
    allow                                    0x200000b4   Data           4  rc_bsp.o(.data)
    Is_Motor_Ready                           0x200000c4   Data           1  posture_ctrl.o(.data)
    state                                    0x200000c5   Data           1  posture_ctrl.o(.data)
    climbing_offset_flag                     0x200000c6   Data           1  posture_ctrl.o(.data)
    x                                        0x200000d0   Data           4  posture_ctrl.o(.data)
    y                                        0x200000d4   Data           4  posture_ctrl.o(.data)
    theta1                                   0x200000d8   Data           4  posture_ctrl.o(.data)
    theta2                                   0x200000dc   Data           4  posture_ctrl.o(.data)
    gp                                       0x200000e0   Data           4  posture_ctrl.o(.data)
    leg_gains                                0x200000e4   Data         272  posture_ctrl.o(.data)
    detached_params                          0x200001f4   Data        1632  posture_ctrl.o(.data)
    gain_standup                             0x20000854   Data          16  posture_ctrl.o(.data)
    gain_stop                                0x20000864   Data          16  posture_ctrl.o(.data)
    hcan1                                    0x20000ac8   Data          40  can.o(.bss)
    hcan2                                    0x20000af0   Data          40  can.o(.bss)
    htim12                                   0x20000b18   Data          72  tim.o(.bss)
    huart1                                   0x20000b60   Data          68  usart.o(.bss)
    hdma_usart1_rx                           0x20000ba4   Data          96  usart.o(.bss)
    rc_ctrl                                  0x20000c04   Data          12  stm32f4xx_it.o(.bss)
    htim13                                   0x20000c10   Data          72  stm32f4xx_hal_timebase_tim.o(.bss)
    motor_pid_speed                          0x20004948   Data         608  motor.o(.bss)
    motor_pid_pos                            0x20004ba8   Data         608  motor.o(.bss)
    ref_angle                                0x20004e08   Data          32  motor.o(.bss)
    can_motor_message                        0x20004e88   Data         224  can_bsp.o(.bss)
    sbus_rx_buf                              0x20004f68   Data          72  rc_bsp.o(.bss)
    detached_param                           0x20004fb0   Data          96  posture_ctrl.o(.bss)
    leg_gain                                 0x20005010   Data          16  posture_ctrl.o(.bss)
    __libspace_start                         0x20005020   Data          96  libspace.o(.bss)
    __temporary_stack_top$libspace           0x20005080   Data           0  libspace.o(.bss)



==============================================================================

Memory Map of the image

  Image Entry point : 0x080001ad

  Load Region LR_IROM1 (Base: 0x08000000, Size: 0x00008c38, Max: 0x00200000, ABSOLUTE, COMPRESSED[0x000084ec])

    Execution Region ER_IROM1 (Exec base: 0x08000000, Load base: 0x08000000, Size: 0x000083c4, Max: 0x00200000, ABSOLUTE)

    Exec Addr    Load Addr    Size         Type   Attr      Idx    E Section Name        Object

    0x08000000   0x08000000   0x000001ac   Data   RO            3    RESET               startup_stm32f427xx.o
    0x080001ac   0x080001ac   0x00000008   Code   RO         5452  * !!!main             c_w.l(__main.o)
    0x080001b4   0x080001b4   0x00000034   Code   RO         5820    !!!scatter          c_w.l(__scatter.o)
    0x080001e8   0x080001e8   0x00000064   Code   RO         5818    !!dclz77c           c_w.l(__dclz77c.o)
    0x0800024c   0x0800024c   0x0000001c   Code   RO         5822    !!handler_zi        c_w.l(__scatter_zi.o)
    0x08000268   0x08000268   0x00000002   Code   RO         5685    .ARM.Collect$$libinit$$00000000  c_w.l(libinit.o)
    0x0800026a   0x0800026a   0x00000004   Code   RO         5696    .ARM.Collect$$libinit$$00000001  c_w.l(libinit2.o)
    0x0800026e   0x0800026e   0x00000000   Code   RO         5699    .ARM.Collect$$libinit$$00000004  c_w.l(libinit2.o)
    0x0800026e   0x0800026e   0x00000000   Code   RO         5702    .ARM.Collect$$libinit$$0000000A  c_w.l(libinit2.o)
    0x0800026e   0x0800026e   0x00000000   Code   RO         5704    .ARM.Collect$$libinit$$0000000C  c_w.l(libinit2.o)
    0x0800026e   0x0800026e   0x00000000   Code   RO         5706    .ARM.Collect$$libinit$$0000000E  c_w.l(libinit2.o)
    0x0800026e   0x0800026e   0x00000000   Code   RO         5709    .ARM.Collect$$libinit$$00000011  c_w.l(libinit2.o)
    0x0800026e   0x0800026e   0x00000000   Code   RO         5711    .ARM.Collect$$libinit$$00000013  c_w.l(libinit2.o)
    0x0800026e   0x0800026e   0x00000000   Code   RO         5713    .ARM.Collect$$libinit$$00000015  c_w.l(libinit2.o)
    0x0800026e   0x0800026e   0x00000000   Code   RO         5715    .ARM.Collect$$libinit$$00000017  c_w.l(libinit2.o)
    0x0800026e   0x0800026e   0x00000000   Code   RO         5717    .ARM.Collect$$libinit$$00000019  c_w.l(libinit2.o)
    0x0800026e   0x0800026e   0x00000000   Code   RO         5719    .ARM.Collect$$libinit$$0000001B  c_w.l(libinit2.o)
    0x0800026e   0x0800026e   0x00000000   Code   RO         5721    .ARM.Collect$$libinit$$0000001D  c_w.l(libinit2.o)
    0x0800026e   0x0800026e   0x00000000   Code   RO         5723    .ARM.Collect$$libinit$$0000001F  c_w.l(libinit2.o)
    0x0800026e   0x0800026e   0x00000000   Code   RO         5725    .ARM.Collect$$libinit$$00000021  c_w.l(libinit2.o)
    0x0800026e   0x0800026e   0x00000000   Code   RO         5727    .ARM.Collect$$libinit$$00000023  c_w.l(libinit2.o)
    0x0800026e   0x0800026e   0x00000000   Code   RO         5729    .ARM.Collect$$libinit$$00000025  c_w.l(libinit2.o)
    0x0800026e   0x0800026e   0x00000000   Code   RO         5733    .ARM.Collect$$libinit$$0000002C  c_w.l(libinit2.o)
    0x0800026e   0x0800026e   0x00000000   Code   RO         5735    .ARM.Collect$$libinit$$0000002E  c_w.l(libinit2.o)
    0x0800026e   0x0800026e   0x00000000   Code   RO         5737    .ARM.Collect$$libinit$$00000030  c_w.l(libinit2.o)
    0x0800026e   0x0800026e   0x00000000   Code   RO         5739    .ARM.Collect$$libinit$$00000032  c_w.l(libinit2.o)
    0x0800026e   0x0800026e   0x00000002   Code   RO         5740    .ARM.Collect$$libinit$$00000033  c_w.l(libinit2.o)
    0x08000270   0x08000270   0x00000002   Code   RO         5773    .ARM.Collect$$libshutdown$$00000000  c_w.l(libshutdown.o)
    0x08000272   0x08000272   0x00000000   Code   RO         5799    .ARM.Collect$$libshutdown$$00000002  c_w.l(libshutdown2.o)
    0x08000272   0x08000272   0x00000000   Code   RO         5801    .ARM.Collect$$libshutdown$$00000004  c_w.l(libshutdown2.o)
    0x08000272   0x08000272   0x00000000   Code   RO         5803    .ARM.Collect$$libshutdown$$00000006  c_w.l(libshutdown2.o)
    0x08000272   0x08000272   0x00000000   Code   RO         5806    .ARM.Collect$$libshutdown$$00000009  c_w.l(libshutdown2.o)
    0x08000272   0x08000272   0x00000000   Code   RO         5809    .ARM.Collect$$libshutdown$$0000000C  c_w.l(libshutdown2.o)
    0x08000272   0x08000272   0x00000000   Code   RO         5811    .ARM.Collect$$libshutdown$$0000000E  c_w.l(libshutdown2.o)
    0x08000272   0x08000272   0x00000000   Code   RO         5814    .ARM.Collect$$libshutdown$$00000011  c_w.l(libshutdown2.o)
    0x08000272   0x08000272   0x00000002   Code   RO         5815    .ARM.Collect$$libshutdown$$00000012  c_w.l(libshutdown2.o)
    0x08000274   0x08000274   0x00000000   Code   RO         5574    .ARM.Collect$$rtentry$$00000000  c_w.l(__rtentry.o)
    0x08000274   0x08000274   0x00000000   Code   RO         5644    .ARM.Collect$$rtentry$$00000002  c_w.l(__rtentry2.o)
    0x08000274   0x08000274   0x00000006   Code   RO         5656    .ARM.Collect$$rtentry$$00000004  c_w.l(__rtentry4.o)
    0x0800027a   0x0800027a   0x00000000   Code   RO         5646    .ARM.Collect$$rtentry$$00000009  c_w.l(__rtentry2.o)
    0x0800027a   0x0800027a   0x00000004   Code   RO         5647    .ARM.Collect$$rtentry$$0000000A  c_w.l(__rtentry2.o)
    0x0800027e   0x0800027e   0x00000000   Code   RO         5649    .ARM.Collect$$rtentry$$0000000C  c_w.l(__rtentry2.o)
    0x0800027e   0x0800027e   0x00000008   Code   RO         5650    .ARM.Collect$$rtentry$$0000000D  c_w.l(__rtentry2.o)
    0x08000286   0x08000286   0x00000002   Code   RO         5688    .ARM.Collect$$rtexit$$00000000  c_w.l(rtexit.o)
    0x08000288   0x08000288   0x00000000   Code   RO         5746    .ARM.Collect$$rtexit$$00000002  c_w.l(rtexit2.o)
    0x08000288   0x08000288   0x00000004   Code   RO         5747    .ARM.Collect$$rtexit$$00000003  c_w.l(rtexit2.o)
    0x0800028c   0x0800028c   0x00000006   Code   RO         5748    .ARM.Collect$$rtexit$$00000004  c_w.l(rtexit2.o)
    0x08000292   0x08000292   0x00000002   PAD
    0x08000294   0x08000294   0x000000be   Code   RO         4813    .emb_text           port.o
    0x08000352   0x08000352   0x00000002   PAD
    0x08000354   0x08000354   0x00000040   Code   RO            4    .text               startup_stm32f427xx.o
    0x08000394   0x08000394   0x000000ee   Code   RO         5440    .text               c_w.l(lludivv7m.o)
    0x08000482   0x08000482   0x00000064   Code   RO         5444    .text               c_w.l(rt_memcpy_w.o)
    0x080004e6   0x080004e6   0x0000004e   Code   RO         5448    .text               c_w.l(rt_memclr_w.o)
    0x08000534   0x08000534   0x00000006   Code   RO         5450    .text               c_w.l(heapauxi.o)
    0x0800053a   0x0800053a   0x00000016   Code   RO         5579    .text               c_w.l(_rserrno.o)
    0x08000550   0x08000550   0x00000008   Code   RO         5663    .text               c_w.l(rt_errno_addr_intlibspace.o)
    0x08000558   0x08000558   0x00000008   Code   RO         5669    .text               c_w.l(libspace.o)
    0x08000560   0x08000560   0x0000004a   Code   RO         5672    .text               c_w.l(sys_stackheap_outer.o)
    0x080005aa   0x080005aa   0x00000012   Code   RO         5674    .text               c_w.l(exit.o)
    0x080005bc   0x080005bc   0x0000000c   Code   RO         5743    .text               c_w.l(sys_exit.o)
    0x080005c8   0x080005c8   0x00000002   Code   RO         5762    .text               c_w.l(use_no_semi.o)
    0x080005ca   0x080005ca   0x00000000   Code   RO         5764    .text               c_w.l(indicate_semi.o)
    0x080005ca   0x080005ca   0x00000002   PAD
    0x080005cc   0x080005cc   0x00000050   Code   RO         5193    i.BeginWarnBuzzer   buzzer_bsp.o
    0x0800061c   0x0800061c   0x00000002   Code   RO          614    i.BusFault_Handler  stm32f4xx_it.o
    0x0800061e   0x0800061e   0x00000002   PAD
    0x08000620   0x08000620   0x0000000c   Code   RO          615    i.CAN1_RX0_IRQHandler  stm32f4xx_it.o
    0x0800062c   0x0800062c   0x00000048   Code   RO         5008    i.CAN1_Send2        can_bsp.o
    0x08000674   0x08000674   0x0000000c   Code   RO          616    i.CAN2_RX0_IRQHandler  stm32f4xx_it.o
    0x08000680   0x08000680   0x00000048   Code   RO         5009    i.CAN2_Send1        can_bsp.o
    0x080006c8   0x080006c8   0x00000190   Code   RO         4968    i.CAN_Send_PID      motor.o
    0x08000858   0x08000858   0x000001f8   Code   RO         5352    i.Cartesian_To_Theta  posture_ctrl.o
    0x08000a50   0x08000a50   0x00000070   Code   RO         5353    i.Change_The_Gains_Of_PD  posture_ctrl.o
    0x08000ac0   0x08000ac0   0x00000022   Code   RO         5354    i.CommandAllLegs    posture_ctrl.o
    0x08000ae2   0x08000ae2   0x00000016   Code   RO         5355    i.CommandAllLegs_later  posture_ctrl.o
    0x08000af8   0x08000af8   0x00000016   Code   RO         5356    i.CommandAllLegs_pre  posture_ctrl.o
    0x08000b0e   0x08000b0e   0x00000038   Code   RO         5357    i.Coupled_MoveLeg   posture_ctrl.o
    0x08000b46   0x08000b46   0x00000002   PAD
    0x08000b48   0x08000b48   0x0000000c   Code   RO          617    i.DMA2_Stream2_IRQHandler  stm32f4xx_it.o
    0x08000b54   0x08000b54   0x00000028   Code   RO         1525    i.DMA_CalcBaseAndBitshift  stm32f4xx_hal_dma.o
    0x08000b7c   0x08000b7c   0x00000054   Code   RO         1526    i.DMA_CheckFifoParam  stm32f4xx_hal_dma.o
    0x08000bd0   0x08000bd0   0x00000002   Code   RO          618    i.DebugMon_Handler  stm32f4xx_it.o
    0x08000bd2   0x08000bd2   0x00000004   Code   RO           13    i.Error_Handler     main.o
    0x08000bd6   0x08000bd6   0x00000002   PAD
    0x08000bd8   0x08000bd8   0x00000190   Code   RO         4893    i.ExecuteJump1      jump.o
    0x08000d68   0x08000d68   0x00000244   Code   RO         4894    i.ExecuteJump2      jump.o
    0x08000fac   0x08000fac   0x00000024   Code   RO          781    i.HAL_CAN_ActivateNotification  stm32f4xx_hal_can.o
    0x08000fd0   0x08000fd0   0x000000dc   Code   RO          782    i.HAL_CAN_AddTxMessage  stm32f4xx_hal_can.o
    0x080010ac   0x080010ac   0x0000010c   Code   RO          783    i.HAL_CAN_ConfigFilter  stm32f4xx_hal_can.o
    0x080011b8   0x080011b8   0x00000002   Code   RO          786    i.HAL_CAN_ErrorCallback  stm32f4xx_hal_can.o
    0x080011ba   0x080011ba   0x000000e8   Code   RO          789    i.HAL_CAN_GetRxMessage  stm32f4xx_hal_can.o
    0x080012a2   0x080012a2   0x000001fc   Code   RO          793    i.HAL_CAN_IRQHandler  stm32f4xx_hal_can.o
    0x0800149e   0x0800149e   0x0000011a   Code   RO          794    i.HAL_CAN_Init      stm32f4xx_hal_can.o
    0x080015b8   0x080015b8   0x000000fc   Code   RO          449    i.HAL_CAN_MspInit   can.o
    0x080016b4   0x080016b4   0x00000002   Code   RO          801    i.HAL_CAN_RxFifo0FullCallback  stm32f4xx_hal_can.o
    0x080016b6   0x080016b6   0x00000002   PAD
    0x080016b8   0x080016b8   0x000000e4   Code   RO         5011    i.HAL_CAN_RxFifo0MsgPendingCallback  can_bsp.o
    0x0800179c   0x0800179c   0x00000002   Code   RO          803    i.HAL_CAN_RxFifo1FullCallback  stm32f4xx_hal_can.o
    0x0800179e   0x0800179e   0x00000002   Code   RO          804    i.HAL_CAN_RxFifo1MsgPendingCallback  stm32f4xx_hal_can.o
    0x080017a0   0x080017a0   0x00000002   Code   RO          805    i.HAL_CAN_SleepCallback  stm32f4xx_hal_can.o
    0x080017a2   0x080017a2   0x00000002   PAD
    0x080017a4   0x080017a4   0x00000058   Code   RO          806    i.HAL_CAN_Start     stm32f4xx_hal_can.o
    0x080017fc   0x080017fc   0x00000002   Code   RO          808    i.HAL_CAN_TxMailbox0AbortCallback  stm32f4xx_hal_can.o
    0x080017fe   0x080017fe   0x00000002   Code   RO          809    i.HAL_CAN_TxMailbox0CompleteCallback  stm32f4xx_hal_can.o
    0x08001800   0x08001800   0x00000002   Code   RO          810    i.HAL_CAN_TxMailbox1AbortCallback  stm32f4xx_hal_can.o
    0x08001802   0x08001802   0x00000002   Code   RO          811    i.HAL_CAN_TxMailbox1CompleteCallback  stm32f4xx_hal_can.o
    0x08001804   0x08001804   0x00000002   Code   RO          812    i.HAL_CAN_TxMailbox2AbortCallback  stm32f4xx_hal_can.o
    0x08001806   0x08001806   0x00000002   Code   RO          813    i.HAL_CAN_TxMailbox2CompleteCallback  stm32f4xx_hal_can.o
    0x08001808   0x08001808   0x00000002   Code   RO          815    i.HAL_CAN_WakeUpFromRxMsgCallback  stm32f4xx_hal_can.o
    0x0800180a   0x0800180a   0x00000092   Code   RO         1528    i.HAL_DMA_Abort     stm32f4xx_hal_dma.o
    0x0800189c   0x0800189c   0x00000024   Code   RO         1529    i.HAL_DMA_Abort_IT  stm32f4xx_hal_dma.o
    0x080018c0   0x080018c0   0x000001a0   Code   RO         1533    i.HAL_DMA_IRQHandler  stm32f4xx_hal_dma.o
    0x08001a60   0x08001a60   0x000000d4   Code   RO         1534    i.HAL_DMA_Init      stm32f4xx_hal_dma.o
    0x08001b34   0x08001b34   0x00000024   Code   RO         1965    i.HAL_Delay         stm32f4xx_hal.o
    0x08001b58   0x08001b58   0x00000234   Code   RO         1421    i.HAL_GPIO_Init     stm32f4xx_hal_gpio.o
    0x08001d8c   0x08001d8c   0x0000000a   Code   RO         1425    i.HAL_GPIO_WritePin  stm32f4xx_hal_gpio.o
    0x08001d96   0x08001d96   0x00000002   PAD
    0x08001d98   0x08001d98   0x0000000c   Code   RO         1973    i.HAL_GetTick       stm32f4xx_hal.o
    0x08001da4   0x08001da4   0x00000010   Code   RO         1979    i.HAL_IncTick       stm32f4xx_hal.o
    0x08001db4   0x08001db4   0x00000034   Code   RO         1980    i.HAL_Init          stm32f4xx_hal.o
    0x08001de8   0x08001de8   0x00000098   Code   RO          741    i.HAL_InitTick      stm32f4xx_hal_timebase_tim.o
    0x08001e80   0x08001e80   0x00000038   Code   RO          717    i.HAL_MspInit       stm32f4xx_hal_msp.o
    0x08001eb8   0x08001eb8   0x0000001a   Code   RO         1828    i.HAL_NVIC_EnableIRQ  stm32f4xx_hal_cortex.o
    0x08001ed2   0x08001ed2   0x00000002   PAD
    0x08001ed4   0x08001ed4   0x00000040   Code   RO         1834    i.HAL_NVIC_SetPriority  stm32f4xx_hal_cortex.o
    0x08001f14   0x08001f14   0x00000024   Code   RO         1835    i.HAL_NVIC_SetPriorityGrouping  stm32f4xx_hal_cortex.o
    0x08001f38   0x08001f38   0x00000134   Code   RO         1015    i.HAL_RCC_ClockConfig  stm32f4xx_hal_rcc.o
    0x0800206c   0x0800206c   0x00000040   Code   RO         1019    i.HAL_RCC_GetClockConfig  stm32f4xx_hal_rcc.o
    0x080020ac   0x080020ac   0x00000020   Code   RO         1022    i.HAL_RCC_GetPCLK1Freq  stm32f4xx_hal_rcc.o
    0x080020cc   0x080020cc   0x00000020   Code   RO         1023    i.HAL_RCC_GetPCLK2Freq  stm32f4xx_hal_rcc.o
    0x080020ec   0x080020ec   0x00000064   Code   RO         1024    i.HAL_RCC_GetSysClockFreq  stm32f4xx_hal_rcc.o
    0x08002150   0x08002150   0x0000036c   Code   RO         1027    i.HAL_RCC_OscConfig  stm32f4xx_hal_rcc.o
    0x080024bc   0x080024bc   0x00000002   Code   RO         2934    i.HAL_TIMEx_BreakCallback  stm32f4xx_hal_tim_ex.o
    0x080024be   0x080024be   0x00000002   Code   RO         2935    i.HAL_TIMEx_CommutCallback  stm32f4xx_hal_tim_ex.o
    0x080024c0   0x080024c0   0x0000005a   Code   RO         2230    i.HAL_TIM_Base_Init  stm32f4xx_hal_tim.o
    0x0800251a   0x0800251a   0x00000002   PAD
    0x0800251c   0x0800251c   0x00000028   Code   RO          525    i.HAL_TIM_Base_MspInit  tim.o
    0x08002544   0x08002544   0x00000080   Code   RO         2235    i.HAL_TIM_Base_Start_IT  stm32f4xx_hal_tim.o
    0x080025c4   0x080025c4   0x000000dc   Code   RO         2239    i.HAL_TIM_ConfigClockSource  stm32f4xx_hal_tim.o
    0x080026a0   0x080026a0   0x00000002   Code   RO         2264    i.HAL_TIM_IC_CaptureCallback  stm32f4xx_hal_tim.o
    0x080026a2   0x080026a2   0x00000166   Code   RO         2278    i.HAL_TIM_IRQHandler  stm32f4xx_hal_tim.o
    0x08002808   0x08002808   0x00000054   Code   RO          526    i.HAL_TIM_MspPostInit  tim.o
    0x0800285c   0x0800285c   0x00000002   Code   RO         2281    i.HAL_TIM_OC_DelayElapsedCallback  stm32f4xx_hal_tim.o
    0x0800285e   0x0800285e   0x000000cc   Code   RO         2302    i.HAL_TIM_PWM_ConfigChannel  stm32f4xx_hal_tim.o
    0x0800292a   0x0800292a   0x0000005a   Code   RO         2305    i.HAL_TIM_PWM_Init  stm32f4xx_hal_tim.o
    0x08002984   0x08002984   0x00000002   Code   RO         2307    i.HAL_TIM_PWM_MspInit  stm32f4xx_hal_tim.o
    0x08002986   0x08002986   0x00000002   Code   RO         2308    i.HAL_TIM_PWM_PulseFinishedCallback  stm32f4xx_hal_tim.o
    0x08002988   0x08002988   0x000000c8   Code   RO         2310    i.HAL_TIM_PWM_Start  stm32f4xx_hal_tim.o
    0x08002a50   0x08002a50   0x00000014   Code   RO           14    i.HAL_TIM_PeriodElapsedCallback  main.o
    0x08002a64   0x08002a64   0x00000002   Code   RO         2321    i.HAL_TIM_TriggerCallback  stm32f4xx_hal_tim.o
    0x08002a66   0x08002a66   0x00000002   Code   RO         3212    i.HAL_UARTEx_RxEventCallback  stm32f4xx_hal_uart.o
    0x08002a68   0x08002a68   0x00000002   Code   RO         3226    i.HAL_UART_ErrorCallback  stm32f4xx_hal_uart.o
    0x08002a6a   0x08002a6a   0x00000002   PAD
    0x08002a6c   0x08002a6c   0x00000268   Code   RO         3229    i.HAL_UART_IRQHandler  stm32f4xx_hal_uart.o
    0x08002cd4   0x08002cd4   0x00000062   Code   RO         3230    i.HAL_UART_Init     stm32f4xx_hal_uart.o
    0x08002d36   0x08002d36   0x00000002   PAD
    0x08002d38   0x08002d38   0x000000b4   Code   RO          573    i.HAL_UART_MspInit  usart.o
    0x08002dec   0x08002dec   0x00000002   Code   RO         3236    i.HAL_UART_RxCpltCallback  stm32f4xx_hal_uart.o
    0x08002dee   0x08002dee   0x00000002   Code   RO         3241    i.HAL_UART_TxCpltCallback  stm32f4xx_hal_uart.o
    0x08002df0   0x08002df0   0x00000002   Code   RO          619    i.HardFault_Handler  stm32f4xx_it.o
    0x08002df2   0x08002df2   0x00000002   PAD
    0x08002df4   0x08002df4   0x00000038   Code   RO         5257    i.LED_ON            led_bsp.o
    0x08002e2c   0x08002e2c   0x0000000c   Code   RO         5294    i.MOTOR_TASK        task_user.o
    0x08002e38   0x08002e38   0x00000044   Code   RO          450    i.MX_CAN1_Init      can.o
    0x08002e7c   0x08002e7c   0x00000044   Code   RO          451    i.MX_CAN2_Init      can.o
    0x08002ec0   0x08002ec0   0x0000002c   Code   RO          497    i.MX_DMA_Init       dma.o
    0x08002eec   0x08002eec   0x00000028   Code   RO          359    i.MX_FREERTOS_Init  freertos.o
    0x08002f14   0x08002f14   0x000000fc   Code   RO          239    i.MX_GPIO_Init      gpio.o
    0x08003010   0x08003010   0x00000080   Code   RO          527    i.MX_TIM12_Init     tim.o
    0x08003090   0x08003090   0x0000003c   Code   RO          574    i.MX_USART1_UART_Init  usart.o
    0x080030cc   0x080030cc   0x00000002   Code   RO          620    i.MemManage_Handler  stm32f4xx_it.o
    0x080030ce   0x080030ce   0x00000002   Code   RO          621    i.NMI_Handler       stm32f4xx_it.o
    0x080030d0   0x080030d0   0x000000a8   Code   RO         4969    i.PID_init          motor.o
    0x08003178   0x08003178   0x0000000c   Code   RO         5295    i.POSTURE_TASK      task_user.o
    0x08003184   0x08003184   0x000002b0   Code   RO         5358    i.Posture_Control   posture_ctrl.o
    0x08003434   0x08003434   0x00000060   Code   RO         5129    i.RC_init           rc_bsp.o
    0x08003494   0x08003494   0x0000011c   Code   RO         5359    i.Set_Position      posture_ctrl.o
    0x080035b0   0x080035b0   0x0000014c   Code   RO         5360    i.Sin_Trajectory    posture_ctrl.o
    0x080036fc   0x080036fc   0x00000008   Code   RO          360    i.StartDefaultTask  freertos.o
    0x08003704   0x08003704   0x00000018   Code   RO         4895    i.StartJump1        jump.o
    0x0800371c   0x0800371c   0x00000018   Code   RO         4897    i.StartJump2        jump.o
    0x08003734   0x08003734   0x0000002c   Code   RO         4814    i.SysTick_Handler   port.o
    0x08003760   0x08003760   0x00000094   Code   RO           15    i.SystemClock_Config  main.o
    0x080037f4   0x080037f4   0x00000010   Code   RO         3559    i.SystemInit        system_stm32f4xx.o
    0x08003804   0x08003804   0x0000000c   Code   RO          622    i.TIM8_UP_TIM13_IRQHandler  stm32f4xx_it.o
    0x08003810   0x08003810   0x000000c8   Code   RO         2323    i.TIM_Base_SetConfig  stm32f4xx_hal_tim.o
    0x080038d8   0x080038d8   0x0000001a   Code   RO         2324    i.TIM_CCxChannelCmd  stm32f4xx_hal_tim.o
    0x080038f2   0x080038f2   0x00000014   Code   RO         2334    i.TIM_ETR_SetConfig  stm32f4xx_hal_tim.o
    0x08003906   0x08003906   0x00000010   Code   RO         2335    i.TIM_ITRx_SetConfig  stm32f4xx_hal_tim.o
    0x08003916   0x08003916   0x00000002   PAD
    0x08003918   0x08003918   0x00000060   Code   RO         2336    i.TIM_OC1_SetConfig  stm32f4xx_hal_tim.o
    0x08003978   0x08003978   0x0000006c   Code   RO         2337    i.TIM_OC2_SetConfig  stm32f4xx_hal_tim.o
    0x080039e4   0x080039e4   0x00000068   Code   RO         2338    i.TIM_OC3_SetConfig  stm32f4xx_hal_tim.o
    0x08003a4c   0x08003a4c   0x00000050   Code   RO         2339    i.TIM_OC4_SetConfig  stm32f4xx_hal_tim.o
    0x08003a9c   0x08003a9c   0x00000022   Code   RO         2341    i.TIM_TI1_ConfigInputStage  stm32f4xx_hal_tim.o
    0x08003abe   0x08003abe   0x00000024   Code   RO         2343    i.TIM_TI2_ConfigInputStage  stm32f4xx_hal_tim.o
    0x08003ae2   0x08003ae2   0x00000010   Code   RO         3243    i.UART_DMAAbortOnError  stm32f4xx_hal_uart.o
    0x08003af2   0x08003af2   0x0000004e   Code   RO         3253    i.UART_EndRxTransfer  stm32f4xx_hal_uart.o
    0x08003b40   0x08003b40   0x000000c0   Code   RO         3255    i.UART_Receive_IT   stm32f4xx_hal_uart.o
    0x08003c00   0x08003c00   0x0000010c   Code   RO         3256    i.UART_SetConfig    stm32f4xx_hal_uart.o
    0x08003d0c   0x08003d0c   0x00000104   Code   RO          623    i.USART1_IRQHandler  stm32f4xx_it.o
    0x08003e10   0x08003e10   0x00000002   Code   RO          624    i.UsageFault_Handler  stm32f4xx_it.o
    0x08003e12   0x08003e12   0x00000030   Code   RO         5627    i.__ARM_fpclassify  m_wm.l(fpclassify.o)
    0x08003e42   0x08003e42   0x00000020   Code   RO         1841    i.__NVIC_SetPriority  stm32f4xx_hal_cortex.o
    0x08003e62   0x08003e62   0x00000006   PAD
    0x08003e68   0x08003e68   0x00000358   Code   RO         5484    i.__hardfp_acos     m_wm.l(acos.o)
    0x080041c0   0x080041c0   0x00000360   Code   RO         5498    i.__hardfp_asin     m_wm.l(asin.o)
    0x08004520   0x08004520   0x000000c8   Code   RO         5512    i.__hardfp_cos      m_wm.l(cos.o)
    0x080045e8   0x080045e8   0x00000104   Code   RO         5524    i.__hardfp_fmod     m_wm.l(fmod.o)
    0x080046ec   0x080046ec   0x00000004   PAD
    0x080046f0   0x080046f0   0x00000c50   Code   RO         5536    i.__hardfp_pow      m_wm.l(pow.o)
    0x08005340   0x08005340   0x000000c8   Code   RO         5550    i.__hardfp_sin      m_wm.l(sin.o)
    0x08005408   0x08005408   0x0000007a   Code   RO         5562    i.__hardfp_sqrt     m_wm.l(sqrt.o)
    0x08005482   0x08005482   0x00000006   PAD
    0x08005488   0x08005488   0x00000438   Code   RO         5632    i.__ieee754_rem_pio2  m_wm.l(rred.o)
    0x080058c0   0x080058c0   0x00000170   Code   RO         5604    i.__kernel_cos      m_wm.l(cos_i.o)
    0x08005a30   0x08005a30   0x000000f8   Code   RO         5629    i.__kernel_poly     m_wm.l(poly.o)
    0x08005b28   0x08005b28   0x00000130   Code   RO         5637    i.__kernel_sin      m_wm.l(sin_i.o)
    0x08005c58   0x08005c58   0x00000030   Code   RO         5607    i.__mathlib_dbl_divzero  m_wm.l(dunder.o)
    0x08005c88   0x08005c88   0x00000014   Code   RO         5608    i.__mathlib_dbl_infnan  m_wm.l(dunder.o)
    0x08005c9c   0x08005c9c   0x00000014   Code   RO         5609    i.__mathlib_dbl_infnan2  m_wm.l(dunder.o)
    0x08005cb0   0x08005cb0   0x00000020   Code   RO         5610    i.__mathlib_dbl_invalid  m_wm.l(dunder.o)
    0x08005cd0   0x08005cd0   0x00000020   Code   RO         5611    i.__mathlib_dbl_overflow  m_wm.l(dunder.o)
    0x08005cf0   0x08005cf0   0x00000020   Code   RO         5613    i.__mathlib_dbl_underflow  m_wm.l(dunder.o)
    0x08005d10   0x08005d10   0x00000048   Code   RO         5195    i.buzzer_on         buzzer_bsp.o
    0x08005d58   0x08005d58   0x00000058   Code   RO         5012    i.can_filter_init   can_bsp.o
    0x08005db0   0x08005db0   0x000000f0   Code   RO         5130    i.control_1         rc_bsp.o
    0x08005ea0   0x08005ea0   0x00000064   Code   RO         5131    i.control_2         rc_bsp.o
    0x08005f04   0x08005f04   0x00000018   Code   RO         5623    i.fabs              m_wm.l(fabs.o)
    0x08005f1c   0x08005f1c   0x000000f4   Code   RO         5361    i.gait_detached     posture_ctrl.o
    0x08006010   0x08006010   0x00000042   Code   RO           16    i.main              main.o
    0x08006052   0x08006052   0x0000000c   Code   RO         4379    i.makeFreeRtosPriority  cmsis_os.o
    0x0800605e   0x0800605e   0x0000000e   Code   RO         4381    i.osDelay           cmsis_os.o
    0x0800606c   0x0800606c   0x0000000a   Code   RO         4384    i.osKernelStart     cmsis_os.o
    0x08006076   0x08006076   0x00000054   Code   RO         4418    i.osThreadCreate    cmsis_os.o
    0x080060ca   0x080060ca   0x000000ce   Code   RO         5076    i.pid_calcuate      pid_bsp.o
    0x08006198   0x08006198   0x0000001c   Code   RO         5077    i.pid_init          pid_bsp.o
    0x080061b4   0x080061b4   0x0000003c   Code   RO         5078    i.pid_param_init    pid_bsp.o
    0x080061f0   0x080061f0   0x00000008   Code   RO         5079    i.pid_reset         pid_bsp.o
    0x080061f8   0x080061f8   0x00000070   Code   RO         4061    i.prvAddCurrentTaskToDelayedList  tasks.o
    0x08006268   0x08006268   0x000000d0   Code   RO         4062    i.prvAddNewTaskToReadyList  tasks.o
    0x08006338   0x08006338   0x00000034   Code   RO         4063    i.prvDeleteTCB      tasks.o
    0x0800636c   0x0800636c   0x0000004c   Code   RO         4746    i.prvHeapInit       heap_4.o
    0x080063b8   0x080063b8   0x00000060   Code   RO         4064    i.prvIdleTask       tasks.o
    0x08006418   0x08006418   0x00000098   Code   RO         4065    i.prvInitialiseNewTask  tasks.o
    0x080064b0   0x080064b0   0x0000004c   Code   RO         4747    i.prvInsertBlockIntoFreeList  heap_4.o
    0x080064fc   0x080064fc   0x00000020   Code   RO         4066    i.prvResetNextTaskUnblockTime  tasks.o
    0x0800651c   0x0800651c   0x00000028   Code   RO         4815    i.prvTaskExitError  port.o
    0x08006544   0x08006544   0x000000dc   Code   RO         4748    i.pvPortMalloc      heap_4.o
    0x08006620   0x08006620   0x0000002c   Code   RO         4816    i.pxPortInitialiseStack  port.o
    0x0800664c   0x0800664c   0x00000010   Code   RO         5132    i.remote_control_init  rc_bsp.o
    0x0800665c   0x0800665c   0x000000b2   Code   RO         5133    i.sbus_to_rc        rc_bsp.o
    0x0800670e   0x0800670e   0x0000006e   Code   RO         5564    i.sqrt              m_wm.l(sqrt.o)
    0x0800677c   0x0800677c   0x0000002c   Code   RO         5296    i.startTast         task_user.o
    0x080067a8   0x080067a8   0x0000006c   Code   RO         5297    i.start_task        task_user.o
    0x08006814   0x08006814   0x00000026   Code   RO         3697    i.uxListRemove      list.o
    0x0800683a   0x0800683a   0x00000002   PAD
    0x0800683c   0x0800683c   0x00000014   Code   RO          361    i.vApplicationGetIdleTaskMemory  freertos.o
    0x08006850   0x08006850   0x00000016   Code   RO         3698    i.vListInitialise   list.o
    0x08006866   0x08006866   0x00000006   Code   RO         3699    i.vListInitialiseItem  list.o
    0x0800686c   0x0800686c   0x00000030   Code   RO         3700    i.vListInsert       list.o
    0x0800689c   0x0800689c   0x00000018   Code   RO         3701    i.vListInsertEnd    list.o
    0x080068b4   0x080068b4   0x00000040   Code   RO         4818    i.vPortEnterCritical  port.o
    0x080068f4   0x080068f4   0x00000028   Code   RO         4819    i.vPortExitCritical  port.o
    0x0800691c   0x0800691c   0x00000064   Code   RO         4749    i.vPortFree         heap_4.o
    0x08006980   0x08006980   0x00000024   Code   RO         4820    i.vPortSetupTimerInterrupt  port.o
    0x080069a4   0x080069a4   0x0000004c   Code   RO         4075    i.vTaskDelay        tasks.o
    0x080069f0   0x080069f0   0x000000ac   Code   RO         4076    i.vTaskDelete       tasks.o
    0x08006a9c   0x08006a9c   0x0000006c   Code   RO         4088    i.vTaskStartScheduler  tasks.o
    0x08006b08   0x08006b08   0x00000010   Code   RO         4090    i.vTaskSuspendAll   tasks.o
    0x08006b18   0x08006b18   0x0000005c   Code   RO         4091    i.vTaskSwitchContext  tasks.o
    0x08006b74   0x08006b74   0x000000f4   Code   RO         4822    i.xPortStartScheduler  port.o
    0x08006c68   0x08006c68   0x0000005a   Code   RO         4094    i.xTaskCreate       tasks.o
    0x08006cc2   0x08006cc2   0x00000056   Code   RO         4095    i.xTaskCreateStatic  tasks.o
    0x08006d18   0x08006d18   0x000000cc   Code   RO         4102    i.xTaskIncrementTick  tasks.o
    0x08006de4   0x08006de4   0x000000c4   Code   RO         4108    i.xTaskResumeAll    tasks.o
    0x08006ea8   0x08006ea8   0x00000018   Code   RO         5583    x$fpl$basic         fz_wm.l(basic.o)
    0x08006ec0   0x08006ec0   0x00000062   Code   RO         5454    x$fpl$d2f           fz_wm.l(d2f.o)
    0x08006f22   0x08006f22   0x00000002   PAD
    0x08006f24   0x08006f24   0x00000150   Code   RO         5456    x$fpl$dadd          fz_wm.l(daddsub_clz.o)
    0x08007074   0x08007074   0x00000010   Code   RO         5665    x$fpl$dcheck1       fz_wm.l(dcheck1.o)
    0x08007084   0x08007084   0x00000018   Code   RO         5667    x$fpl$dcmpinf       fz_wm.l(dcmpi.o)
    0x0800709c   0x0800709c   0x000002b0   Code   RO         5463    x$fpl$ddiv          fz_wm.l(ddiv.o)
    0x0800734c   0x0800734c   0x0000005e   Code   RO         5466    x$fpl$dfix          fz_wm.l(dfix.o)
    0x080073aa   0x080073aa   0x00000002   PAD
    0x080073ac   0x080073ac   0x0000005a   Code   RO         5470    x$fpl$dfixu         fz_wm.l(dfixu.o)
    0x08007406   0x08007406   0x0000002e   Code   RO         5475    x$fpl$dflt          fz_wm.l(dflt_clz.o)
    0x08007434   0x08007434   0x00000026   Code   RO         5474    x$fpl$dfltu         fz_wm.l(dflt_clz.o)
    0x0800745a   0x0800745a   0x00000002   PAD
    0x0800745c   0x0800745c   0x00000078   Code   RO         5585    x$fpl$dleqf         fz_wm.l(dleqf.o)
    0x080074d4   0x080074d4   0x00000154   Code   RO         5480    x$fpl$dmul          fz_wm.l(dmul.o)
    0x08007628   0x08007628   0x0000009c   Code   RO         5587    x$fpl$dnaninf       fz_wm.l(dnaninf.o)
    0x080076c4   0x080076c4   0x00000150   Code   RO         5589    x$fpl$drem          fz_wm.l(drem_clz.o)
    0x08007814   0x08007814   0x0000000c   Code   RO         5591    x$fpl$dretinf       fz_wm.l(dretinf.o)
    0x08007820   0x08007820   0x0000006c   Code   RO         5593    x$fpl$drleqf        fz_wm.l(drleqf.o)
    0x0800788c   0x0800788c   0x00000016   Code   RO         5457    x$fpl$drsb          fz_wm.l(daddsub_clz.o)
    0x080078a2   0x080078a2   0x00000002   PAD
    0x080078a4   0x080078a4   0x00000198   Code   RO         5595    x$fpl$dsqrt         fz_wm.l(dsqrt_umaal.o)
    0x08007a3c   0x08007a3c   0x000001d4   Code   RO         5458    x$fpl$dsub          fz_wm.l(daddsub_clz.o)
    0x08007c10   0x08007c10   0x00000056   Code   RO         5482    x$fpl$f2d           fz_wm.l(f2d.o)
    0x08007c66   0x08007c66   0x0000008c   Code   RO         5597    x$fpl$fnaninf       fz_wm.l(fnaninf.o)
    0x08007cf2   0x08007cf2   0x0000000a   Code   RO         5758    x$fpl$fpinit        fz_wm.l(fpinit.o)
    0x08007cfc   0x08007cfc   0x0000000a   Code   RO         5599    x$fpl$fretinf       fz_wm.l(fretinf.o)
    0x08007d06   0x08007d06   0x00000064   Code   RO         5686    x$fpl$retnan        fz_wm.l(retnan.o)
    0x08007d6a   0x08007d6a   0x0000005c   Code   RO         5601    x$fpl$scalbn        fz_wm.l(scalbn.o)
    0x08007dc6   0x08007dc6   0x00000030   Code   RO         5741    x$fpl$trapveneer    fz_wm.l(trapv.o)
    0x08007df6   0x08007df6   0x00000000   Code   RO         5603    x$fpl$usenofp       fz_wm.l(usenofp.o)
    0x08007df6   0x08007df6   0x00000002   PAD
    0x08007df8   0x08007df8   0x0000001c   Data   RO          363    .constdata          freertos.o
    0x08007e14   0x08007e14   0x00000008   Data   RO         1540    .constdata          stm32f4xx_hal_dma.o
    0x08007e1c   0x08007e1c   0x00000010   Data   RO         3560    .constdata          system_stm32f4xx.o
    0x08007e2c   0x08007e2c   0x00000008   Data   RO         3561    .constdata          system_stm32f4xx.o
    0x08007e34   0x08007e34   0x00000060   Data   RO         4898    .constdata          jump.o
    0x08007e94   0x08007e94   0x000002b0   Data   RO         5199    .constdata          buzzer_bsp.o
    0x08008144   0x08008144   0x00000004   PAD
    0x08008148   0x08008148   0x00000050   Data   RO         5487    .constdata          m_wm.l(acos.o)
    0x08008198   0x08008198   0x00000050   Data   RO         5501    .constdata          m_wm.l(asin.o)
    0x080081e8   0x080081e8   0x00000088   Data   RO         5539    .constdata          m_wm.l(pow.o)
    0x08008270   0x08008270   0x00000030   Data   RO         5605    .constdata          m_wm.l(cos_i.o)
    0x080082a0   0x080082a0   0x00000008   Data   RO         5631    .constdata          m_wm.l(qnan.o)
    0x080082a8   0x080082a8   0x000000c8   Data   RO         5634    .constdata          m_wm.l(rred.o)
    0x08008370   0x08008370   0x00000028   Data   RO         5638    .constdata          m_wm.l(sin_i.o)
    0x08008398   0x08008398   0x0000000c   Data   RO          364    .conststring        freertos.o
    0x080083a4   0x080083a4   0x00000020   Data   RO         5816    Region$$Table       anon$$obj.o


    Execution Region RW_IRAM2 (Exec base: 0x10000000, Load base: 0x080084ec, Size: 0x00000000, Max: 0x00010000, ABSOLUTE)

    **** No section assigned to this execution region ****


    Execution Region RW_IRAM1 (Exec base: 0x20000000, Load base: 0x080083c4, Size: 0x00005680, Max: 0x00030000, ABSOLUTE, COMPRESSED[0x00000128])

    Exec Addr    Load Addr    Size         Type   Attr      Idx    E Section Name        Object

    0x20000000   COMPRESSED   0x00000004   Data   RW          365    .data               freertos.o
    0x20000004   COMPRESSED   0x00000004   Data   RW          453    .data               can.o
    0x20000008   COMPRESSED   0x00000002   Data   RW          626    .data               stm32f4xx_it.o
    0x2000000a   COMPRESSED   0x00000002   PAD
    0x2000000c   COMPRESSED   0x0000000c   Data   RW         1987    .data               stm32f4xx_hal.o
    0x20000018   COMPRESSED   0x00000004   Data   RW         3562    .data               system_stm32f4xx.o
    0x2000001c   COMPRESSED   0x0000003c   Data   RW         4111    .data               tasks.o
    0x20000058   COMPRESSED   0x00000020   Data   RW         4755    .data               heap_4.o
    0x20000078   COMPRESSED   0x0000000c   Data   RW         4823    .data               port.o
    0x20000084   COMPRESSED   0x00000008   Data   RW         4899    .data               jump.o
    0x2000008c   COMPRESSED   0x00000028   Data   RW         5014    .data               can_bsp.o
    0x200000b4   COMPRESSED   0x00000004   Data   RW         5135    .data               rc_bsp.o
    0x200000b8   COMPRESSED   0x0000000c   Data   RW         5298    .data               task_user.o
    0x200000c4   COMPRESSED   0x000007b0   Data   RW         5363    .data               posture_ctrl.o
    0x20000874        -       0x00000254   Zero   RW          362    .bss                freertos.o
    0x20000ac8        -       0x00000050   Zero   RW          452    .bss                can.o
    0x20000b18        -       0x00000048   Zero   RW          528    .bss                tim.o
    0x20000b60        -       0x000000a4   Zero   RW          575    .bss                usart.o
    0x20000c04        -       0x0000000c   Zero   RW          625    .bss                stm32f4xx_it.o
    0x20000c10        -       0x00000048   Zero   RW          744    .bss                stm32f4xx_hal_timebase_tim.o
    0x20000c58        -       0x000000f0   Zero   RW         4110    .bss                tasks.o
    0x20000d48        -       0x00003c00   Zero   RW         4754    .bss                heap_4.o
    0x20004948        -       0x000004e0   Zero   RW         4970    .bss                motor.o
    0x20004e28        -       0x00000140   Zero   RW         5013    .bss                can_bsp.o
    0x20004f68        -       0x00000048   Zero   RW         5134    .bss                rc_bsp.o
    0x20004fb0        -       0x00000070   Zero   RW         5362    .bss                posture_ctrl.o
    0x20005020        -       0x00000060   Zero   RW         5670    .bss                c_w.l(libspace.o)
    0x20005080        -       0x00000200   Zero   RW            2    HEAP                startup_stm32f427xx.o
    0x20005280        -       0x00000400   Zero   RW            1    STACK               startup_stm32f427xx.o


==============================================================================

Image component sizes


      Code (inc. data)   RO Data    RW Data    ZI Data      Debug   Object Name

       152         28        688          0          0       1615   buzzer_bsp.o
       388         40          0          4         80       2402   can.o
       460         66          0         40        320       5366   can_bsp.o
       120          0          0          0          0      23369   cmsis_os.o
        44          4          0          0          0        758   dma.o
         0          0          0          0          0      16976   event_groups.o
        68         14         40          4        596      34110   freertos.o
       252         16          0          0          0     747671   gpio.o
       472         24          0         32      15360       7459   heap_4.o
      1028        200         96          8          0       4698   jump.o
        56         14          0          0          0        477   led_bsp.o
       138          0          0          0          0       3586   list.o
       238         14          0          0          0     753956   main.o
       568         48          0          0       1248       2204   motor.o
       302         18          0          0          0       3995   pid_bsp.o
       702         72          0         12          0      11016   port.o
      2298        166          0       1968        112       9757   posture_ctrl.o
       630         36          0          4         72       4387   rc_bsp.o
        64         26        428          0       1536        836   startup_stm32f427xx.o
       116         18          0         12          0       8878   stm32f4xx_hal.o
      1658          6          0          0          0      14323   stm32f4xx_hal_can.o
       158         14          0          0          0      33194   stm32f4xx_hal_cortex.o
       934         16          8          0          0       5639   stm32f4xx_hal_dma.o
       574         54          0          0          0       2220   stm32f4xx_hal_gpio.o
        56          4          0          0          0        842   stm32f4xx_hal_msp.o
      1412         86          0          0          0       5917   stm32f4xx_hal_rcc.o
      2020        136          0          0          0      16974   stm32f4xx_hal_tim.o
         4          0          0          0          0       1609   stm32f4xx_hal_tim_ex.o
       152         20          0          0         72       1464   stm32f4xx_hal_timebase_tim.o
      1276         16          0          0          0       8364   stm32f4xx_hal_uart.o
       320         62          0          2         12       6683   stm32f4xx_it.o
         0          0          0          0          0        444   stream_buffer.o
        16          4         24          4          0       1115   system_stm32f4xx.o
       176         60          0         12          0       2201   task_user.o
      1692        126          0         60        240      20444   tasks.o
       252         32          0          0         72       2294   tim.o
       240         34          0          0        164       1741   usart.o

    ----------------------------------------------------------------------
     19070       1474       1320       2164      19884    1768984   Object Totals
         0          0         32          0          0          0   (incl. Generated)
        34          0          4          2          0          0   (incl. Padding)

    ----------------------------------------------------------------------

      Code (inc. data)   RO Data    RW Data    ZI Data      Debug   Library Member Name

       100          0          0          0          0          0   __dclz77c.o
         8          0          0          0          0         68   __main.o
         0          0          0          0          0          0   __rtentry.o
        12          0          0          0          0          0   __rtentry2.o
         6          0          0          0          0          0   __rtentry4.o
        52          8          0          0          0          0   __scatter.o
        28          0          0          0          0          0   __scatter_zi.o
        22          0          0          0          0        100   _rserrno.o
        18          0          0          0          0         80   exit.o
         6          0          0          0          0        152   heapauxi.o
         0          0          0          0          0          0   indicate_semi.o
         2          0          0          0          0          0   libinit.o
         6          0          0          0          0          0   libinit2.o
         2          0          0          0          0          0   libshutdown.o
         2          0          0          0          0          0   libshutdown2.o
         8          4          0          0         96         68   libspace.o
       238          0          0          0          0        100   lludivv7m.o
         8          4          0          0          0         68   rt_errno_addr_intlibspace.o
        78          0          0          0          0         80   rt_memclr_w.o
       100          0          0          0          0         80   rt_memcpy_w.o
         2          0          0          0          0          0   rtexit.o
        10          0          0          0          0          0   rtexit2.o
        12          4          0          0          0         68   sys_exit.o
        74          0          0          0          0         80   sys_stackheap_outer.o
         2          0          0          0          0         68   use_no_semi.o
        24          0          0          0          0        164   basic.o
        98          4          0          0          0        140   d2f.o
       826         16          0          0          0        492   daddsub_clz.o
        16          4          0          0          0        116   dcheck1.o
        24          0          0          0          0        116   dcmpi.o
       688        140          0          0          0        256   ddiv.o
        94          4          0          0          0        140   dfix.o
        90          4          0          0          0        140   dfixu.o
        84          0          0          0          0        232   dflt_clz.o
       120          4          0          0          0        140   dleqf.o
       340         12          0          0          0        152   dmul.o
       156          4          0          0          0        140   dnaninf.o
       336         12          0          0          0        136   drem_clz.o
        12          0          0          0          0        116   dretinf.o
       108          0          0          0          0        128   drleqf.o
       408         56          0          0          0        168   dsqrt_umaal.o
        86          4          0          0          0        132   f2d.o
       140          4          0          0          0        132   fnaninf.o
        10          0          0          0          0        116   fpinit.o
        10          0          0          0          0        116   fretinf.o
       100          0          0          0          0        116   retnan.o
        92          0          0          0          0        116   scalbn.o
        48          0          0          0          0        116   trapv.o
         0          0          0          0          0          0   usenofp.o
       856        118         80          0          0        288   acos.o
       864         94         80          0          0        280   asin.o
       200         20          0          0          0        164   cos.o
       368         46         48          0          0        200   cos_i.o
       184         44          0          0          0        744   dunder.o
        24          0          0          0          0        124   fabs.o
       260          6          0          0          0        144   fmod.o
        48          0          0          0          0        124   fpclassify.o
       248          0          0          0          0        152   poly.o
      3152        296        136          0          0        352   pow.o
         0          0          8          0          0          0   qnan.o
      1080        142        200          0          0        188   rred.o
       200         20          0          0          0        164   sin.o
       304         24         40          0          0        208   sin_i.o
       232          0          0          0          0        296   sqrt.o

    ----------------------------------------------------------------------
     12750       1102        592          0         96       8060   Library Totals
        24          4          0          0          0          0   (incl. Padding)

    ----------------------------------------------------------------------

      Code (inc. data)   RO Data    RW Data    ZI Data      Debug   Library Name

       796         20          0          0         96       1012   c_w.l
      3910        268          0          0          0       3620   fz_wm.l
      8020        810        592          0          0       3428   m_wm.l

    ----------------------------------------------------------------------
     12750       1102        592          0         96       8060   Library Totals

    ----------------------------------------------------------------------

==============================================================================


      Code (inc. data)   RO Data    RW Data    ZI Data      Debug   

     31820       2576       1912       2164      19980    1755328   Grand Totals
     31820       2576       1912        296      19980    1755328   ELF Image Totals (compressed)
     31820       2576       1912        296          0          0   ROM Totals

==============================================================================

    Total RO  Size (Code + RO Data)                33732 (  32.94kB)
    Total RW  Size (RW Data + ZI Data)             22144 (  21.63kB)
    Total ROM Size (Code + RO Data + RW Data)      34028 (  33.23kB)

==============================================================================

